Archive member included to satisfy reference by file (symbol)

.\CortexM3\ARM_GCC_541\Debug\VDAC Example.a(CyLib.o)
                              .\CortexM3\ARM_GCC_541\Debug\Cm3Start.o (CyHalt)
.\CortexM3\ARM_GCC_541\Debug\VDAC Example.a(cyPm.o)
                              .\CortexM3\ARM_GCC_541\Debug\VDAC Example.a(CyLib.o) (CyPmReadStatus)
.\CortexM3\ARM_GCC_541\Debug\VDAC Example.a(VDAC.o)
                              .\CortexM3\ARM_GCC_541\Debug\main.o (VDAC_SetValue)
.\CortexM3\ARM_GCC_541\Debug\VDAC Example.a(ADC.o)
                              .\CortexM3\ARM_GCC_541\Debug\main.o (ADC_Start)
.\CortexM3\ARM_GCC_541\Debug\VDAC Example.a(ADC_INT.o)
                              .\CortexM3\ARM_GCC_541\Debug\VDAC Example.a(ADC.o) (ADC_ISR1)
.\CortexM3\ARM_GCC_541\Debug\VDAC Example.a(UART.o)
                              .\CortexM3\ARM_GCC_541\Debug\main.o (UART_Start)
.\CortexM3\ARM_GCC_541\Debug\VDAC Example.a(ADC_AMux.o)
                              .\CortexM3\ARM_GCC_541\Debug\VDAC Example.a(ADC.o) (ADC_AMux_Select)
.\CortexM3\ARM_GCC_541\Debug\VDAC Example.a(ADC_Ext_CP_Clk.o)
                              .\CortexM3\ARM_GCC_541\Debug\VDAC Example.a(ADC.o) (ADC_Ext_CP_Clk_SetModeRegister)
.\CortexM3\ARM_GCC_541\Debug\VDAC Example.a(ADC_theACLK.o)
                              .\CortexM3\ARM_GCC_541\Debug\VDAC Example.a(ADC.o) (ADC_theACLK_SetModeRegister)
.\CortexM3\ARM_GCC_541\Debug\VDAC Example.a(UART_IntClock.o)
                              .\CortexM3\ARM_GCC_541\Debug\VDAC Example.a(UART.o) (UART_IntClock_Start)
.\CortexM3\ARM_GCC_541\Debug\VDAC Example.a(CyBootAsmGnu.o)
                              .\CortexM3\ARM_GCC_541\Debug\cyfitter_cfg.o (CyDelayCycles)
.\CortexM3\ARM_GCC_541\Debug\VDAC Example.a(CyFlash.o)
                              .\CortexM3\ARM_GCC_541\Debug\VDAC Example.a(cyPm.o) (CyFlash_SetWaitCycles)
.\CortexM3\ARM_GCC_541\Debug\VDAC Example.a(CySpc.o)
                              .\CortexM3\ARM_GCC_541\Debug\VDAC Example.a(CyFlash.o) (CySpcStart)
c:/program files (x86)/cypress/psoc creator/4.2/psoc creator/import/gnu/arm/5.4.1/bin/../lib/gcc/arm-none-eabi/5.4.1/armv7-m\libgcc.a(_arm_addsubdf3.o)
                              .\CortexM3\ARM_GCC_541\Debug\main.o (__aeabi_f2d)
c:/program files (x86)/cypress/psoc creator/4.2/psoc creator/import/gnu/arm/5.4.1/bin/../lib/gcc/arm-none-eabi/5.4.1/armv7-m\libgcc.a(_arm_cmpdf2.o)
                              .\CortexM3\ARM_GCC_541\Debug\VDAC Example.a(ADC.o) (__aeabi_dcmpgt)
c:/program files (x86)/cypress/psoc creator/4.2/psoc creator/import/gnu/arm/5.4.1/bin/../lib/gcc/arm-none-eabi/5.4.1/armv7-m\libgcc.a(_arm_addsubsf3.o)
                              .\CortexM3\ARM_GCC_541\Debug\VDAC Example.a(ADC.o) (__aeabi_ui2f)
c:/program files (x86)/cypress/psoc creator/4.2/psoc creator/import/gnu/arm/5.4.1/bin/../lib/gcc/arm-none-eabi/5.4.1/armv7-m\libgcc.a(_arm_muldivsf3.o)
                              .\CortexM3\ARM_GCC_541\Debug\VDAC Example.a(ADC.o) (__aeabi_fmul)
c:/program files (x86)/cypress/psoc creator/4.2/psoc creator/import/gnu/arm/5.4.1/bin/../lib/gcc/arm-none-eabi/5.4.1/armv7-m\libgcc.a(_arm_fixunssfsi.o)
                              .\CortexM3\ARM_GCC_541\Debug\VDAC Example.a(ADC.o) (__aeabi_f2uiz)
c:/program files (x86)/cypress/psoc creator/4.2/psoc creator/import/gnu/arm/5.4.1/bin/../lib/gcc/arm-none-eabi/5.4.1/../../../../arm-none-eabi/lib/armv7-m\libg_nano.a(lib_a-errno.o)
                              .\CortexM3\ARM_GCC_541\Debug\Cm3Start.o (__errno)
c:/program files (x86)/cypress/psoc creator/4.2/psoc creator/import/gnu/arm/5.4.1/bin/../lib/gcc/arm-none-eabi/5.4.1/../../../../arm-none-eabi/lib/armv7-m\libg_nano.a(lib_a-exit.o)
                              c:/program files (x86)/cypress/psoc creator/4.2/psoc creator/import/gnu/arm/5.4.1/bin/../lib/gcc/arm-none-eabi/5.4.1/../../../../arm-none-eabi/lib/armv7-m/crt0.o (exit)
c:/program files (x86)/cypress/psoc creator/4.2/psoc creator/import/gnu/arm/5.4.1/bin/../lib/gcc/arm-none-eabi/5.4.1/../../../../arm-none-eabi/lib/armv7-m\libg_nano.a(lib_a-impure.o)
                              c:/program files (x86)/cypress/psoc creator/4.2/psoc creator/import/gnu/arm/5.4.1/bin/../lib/gcc/arm-none-eabi/5.4.1/../../../../arm-none-eabi/lib/armv7-m\libg_nano.a(lib_a-exit.o) (_global_impure_ptr)
c:/program files (x86)/cypress/psoc creator/4.2/psoc creator/import/gnu/arm/5.4.1/bin/../lib/gcc/arm-none-eabi/5.4.1/../../../../arm-none-eabi/lib/armv7-m\libg_nano.a(lib_a-init.o)
                              c:/program files (x86)/cypress/psoc creator/4.2/psoc creator/import/gnu/arm/5.4.1/bin/../lib/gcc/arm-none-eabi/5.4.1/../../../../arm-none-eabi/lib/armv7-m/crt0.o (__libc_init_array)
c:/program files (x86)/cypress/psoc creator/4.2/psoc creator/import/gnu/arm/5.4.1/bin/../lib/gcc/arm-none-eabi/5.4.1/../../../../arm-none-eabi/lib/armv7-m\libg_nano.a(lib_a-memcpy-stub.o)
                              .\CortexM3\ARM_GCC_541\Debug\cyfitter_cfg.o (memcpy)
[...]
Memory Configuration

Name             Origin             Length             Attributes
rom              0x00000000         0x00040000         xr
ram              0x1fff8000         0x00010000         xrw
*default*        0x00000000         0xffffffff

Linker script and memory map

LOAD c:/program files (x86)/cypress/psoc creator/4.2/psoc creator/import/gnu/arm/5.4.1/bin/../lib/gcc/arm-none-eabi/5.4.1/armv7-m/crti.o
LOAD c:/program files (x86)/cypress/psoc creator/4.2/psoc creator/import/gnu/arm/5.4.1/bin/../lib/gcc/arm-none-eabi/5.4.1/armv7-m/crtbegin.o
LOAD c:/program files (x86)/cypress/psoc creator/4.2/psoc creator/import/gnu/arm/5.4.1/bin/../lib/gcc/arm-none-eabi/5.4.1/../../../../arm-none-eabi/lib/armv7-m/crt0.o
START GROUP
LOAD .\CortexM3\ARM_GCC_541\Debug\main.o
LOAD .\CortexM3\ARM_GCC_541\Debug\cyfitter_cfg.o
LOAD .\CortexM3\ARM_GCC_541\Debug\cymetadata.o
LOAD .\CortexM3\ARM_GCC_541\Debug\Cm3Start.o
LOAD .\CortexM3\ARM_GCC_541\Debug\VDAC Example.a
LOAD C:\Program Files (x86)\Cypress\PSoC Creator\4.2\PSoC Creator\psoc\content\cycomponentlibrary\CyComponentLibrary.cylib\CortexM3\ARM_GCC_541\Debug\CyComponentLibrary.a
END GROUP
START GROUP
LOAD c:/program files (x86)/cypress/psoc creator/4.2/psoc creator/import/gnu/arm/5.4.1/bin/../lib/gcc/arm-none-eabi/5.4.1/armv7-m\libgcc.a
LOAD c:/program files (x86)/cypress/psoc creator/4.2/psoc creator/import/gnu/arm/5.4.1/bin/../lib/gcc/arm-none-eabi/5.4.1/../../../../arm-none-eabi/lib/armv7-m\libg_nano.a
LOAD c:/program files (x86)/cypress/psoc creator/4.2/psoc creator/import/gnu/arm/5.4.1/bin/../lib/gcc/arm-none-eabi/5.4.1/../../../../arm-none-eabi/lib/armv7-m\libc_nano.a
END GROUP
START GROUP
LOAD c:/program files (x86)/cypress/psoc creator/4.2/psoc creator/import/gnu/arm/5.4.1/bin/../lib/gcc/arm-none-eabi/5.4.1/armv7-m\libgcc.a
LOAD c:/program files (x86)/cypress/psoc creator/4.2/psoc creator/import/gnu/arm/5.4.1/bin/../lib/gcc/arm-none-eabi/5.4.1/../../../../arm-none-eabi/lib/armv7-m\libc_nano.a
END GROUP
LOAD c:/program files (x86)/cypress/psoc creator/4.2/psoc creator/import/gnu/arm/5.4.1/bin/../lib/gcc/arm-none-eabi/5.4.1/armv7-m/crtend.o
LOAD c:/program files (x86)/cypress/psoc creator/4.2/psoc creator/import/gnu/arm/5.4.1/bin/../lib/gcc/arm-none-eabi/5.4.1/armv7-m/crtn.o
START GROUP
LOAD c:/program files (x86)/cypress/psoc creator/4.2/psoc creator/import/gnu/arm/5.4.1/bin/../lib/gcc/arm-none-eabi/5.4.1/armv7-m\libgcc.a
LOAD c:/program files (x86)/cypress/psoc creator/4.2/psoc creator/import/gnu/arm/5.4.1/bin/../lib/gcc/arm-none-eabi/5.4.1/../../../../arm-none-eabi/lib/armv7-m\libc.a
LOAD c:/program files (x86)/cypress/psoc creator/4.2/psoc creator/import/gnu/arm/5.4.1/bin/../lib/gcc/arm-none-eabi/5.4.1/../../../../arm-none-eabi/lib/armv7-m\libnosys.a
END GROUP
                0x00000000                CY_APPL_ORIGIN = 0x0
                0x00000100                CY_FLASH_ROW_SIZE = 0x100
                0x00000020                CY_ECC_ROW_SIZE = 0x20
                0x00000000                CY_EE_IN_BTLDR = 0x0
                0x00000000                CY_APPL_LOADABLE = 0x0
                0x00000800                CY_EE_SIZE = 0x800
                0x00000001                CY_APPL_NUM = 0x1
                0x00000001                CY_APPL_MAX = 0x1
                0x00000040                CY_METADATA_SIZE = 0x40
                [!provide]                PROVIDE (__cy_heap_start, _end)
                0x00000001                PROVIDE (__cy_region_num, ((__cy_regions_end - __cy_regions) / 0x10))
                0x20008000                PROVIDE (__cy_stack, (ORIGIN (ram) + LENGTH (ram)))
                [!provide]                PROVIDE (__cy_heap_end, (__cy_stack - 0x4000))

.cybootloader   0x00000000        0x0
 *(.cybootloader)
                0x00000000                appl1_start = CY_APPL_ORIGIN?CY_APPL_ORIGIN:ALIGN (CY_FLASH_ROW_SIZE)
                0x0001ff00                appl2_start = (appl1_start + ALIGN ((((LENGTH (rom) - appl1_start) - (0x2 * CY_FLASH_ROW_SIZE)) / 0x2), CY_FLASH_ROW_SIZE))
                0x00000000                appl_start = (CY_APPL_NUM == 0x1)?appl1_start:appl2_start
                0x00000000                ecc_offset = ((appl_start / CY_FLASH_ROW_SIZE) * CY_ECC_ROW_SIZE)
                0x00000000                ee_offset = (CY_APPL_LOADABLE && ! (CY_EE_IN_BTLDR))?((CY_EE_SIZE / CY_APPL_MAX) * (CY_APPL_NUM - 0x1)):0x0
                0x00000800                ee_size = (CY_APPL_LOADABLE && ! (CY_EE_IN_BTLDR))?(CY_EE_SIZE / CY_APPL_MAX):CY_EE_SIZE
                [!provide]                PROVIDE (CY_ECC_OFFSET, ecc_offset)

.text           0x00000000     0x3c20
 CREATE_OBJECT_SYMBOLS
                0x00000000                PROVIDE (__cy_interrupt_vector, RomVectors)
 *(.romvectors)
 .romvectors    0x00000000       0x10 .\CortexM3\ARM_GCC_541\Debug\Cm3Start.o
                0x00000000                RomVectors
                0x00000001                ASSERT ((. != __cy_interrupt_vector), No interrupt vector)
                0x00000001                ASSERT (CY_APPL_ORIGIN?(SIZEOF (.cybootloader) <= CY_APPL_ORIGIN):0x1, Wrong image location)
                0x00000010                PROVIDE (__cy_reset, Reset)
 *(.text.Reset)
 .text.Reset    0x00000010       0x18 .\CortexM3\ARM_GCC_541\Debug\Cm3Start.o
                0x00000010                Reset
                0x00000001                ASSERT ((. != __cy_reset), No reset code)
 *(.dma_init)
                0x00000001                ASSERT ((((appl_start + .) <= 0x10000) || 0x1), DMA Init must be within the first 64k of flash)
 *(.text .text.* .gnu.linkonce.t.*)
 .text          0x00000028       0x5c c:/program files (x86)/cypress/psoc creator/4.2/psoc creator/import/gnu/arm/5.4.1/bin/../lib/gcc/arm-none-eabi/5.4.1/armv7-m/crtbegin.o
 .text.main     0x00000084       0x60 .\CortexM3\ARM_GCC_541\Debug\main.o
                0x00000084                main
 .text.CyClockStartupError
                0x000000e4        0x4 .\CortexM3\ARM_GCC_541\Debug\cyfitter_cfg.o
 .text.cfg_write_bytes32
                0x000000e8       0x34 .\CortexM3\ARM_GCC_541\Debug\cyfitter_cfg.o
 .text.AnalogSetDefault
                0x0000011c       0x48 .\CortexM3\ARM_GCC_541\Debug\cyfitter_cfg.o
 .text.CYMEMZERO
                0x00000164        0xc .\CortexM3\ARM_GCC_541\Debug\cyfitter_cfg.o
 .text.CYCONFIGCPY
                0x00000170        0x8 .\CortexM3\ARM_GCC_541\Debug\cyfitter_cfg.o
 .text.ClockSetup
                0x00000178       0xec .\CortexM3\ARM_GCC_541\Debug\cyfitter_cfg.o
 .text.ADC_AMux_Set
                0x00000264       0x1c .\CortexM3\ARM_GCC_541\Debug\cyfitter_cfg.o
                0x00000264                ADC_AMux_Set
 .text.ADC_AMux_Unset
                0x00000280       0x1c .\CortexM3\ARM_GCC_541\Debug\cyfitter_cfg.o
                0x00000280                ADC_AMux_Unset
 .text.cyfitter_cfg
                0x0000029c      0x118 .\CortexM3\ARM_GCC_541\Debug\cyfitter_cfg.o
                0x0000029c                cyfitter_cfg
 .text.IntDefaultHandler
                0x000003b4        0x4 .\CortexM3\ARM_GCC_541\Debug\Cm3Start.o
                0x000003b4                IntDefaultHandler
 .text._sbrk    0x000003b8       0x30 .\CortexM3\ARM_GCC_541\Debug\Cm3Start.o
                0x000003b8                _sbrk
 .text.Start_c  0x000003e8       0x4c .\CortexM3\ARM_GCC_541\Debug\Cm3Start.o
                0x000003e8                Start_c
 .text.initialize_psoc
                0x00000434       0x68 .\CortexM3\ARM_GCC_541\Debug\Cm3Start.o
                0x00000434                initialize_psoc
 .text.CyHalt   0x0000049c        0x4 .\CortexM3\ARM_GCC_541\Debug\VDAC Example.a(CyLib.o)
                0x0000049c                CyHalt
 .text.CyDelay  0x000004a0       0x2c .\CortexM3\ARM_GCC_541\Debug\VDAC Example.a(CyLib.o)
                0x000004a0                CyDelay
 .text.CyDelayUs
                0x000004cc       0x14 .\CortexM3\ARM_GCC_541\Debug\VDAC Example.a(CyLib.o)
                0x000004cc                CyDelayUs
 .text.CyIntSetVector
                0x000004e0       0x28 .\CortexM3\ARM_GCC_541\Debug\VDAC Example.a(CyLib.o)
                0x000004e0                CyIntSetVector
 .text.CyIntSetPriority
                0x00000508       0x30 .\CortexM3\ARM_GCC_541\Debug\VDAC Example.a(CyLib.o)
                0x00000508                CyIntSetPriority
 .text.VDAC_Enable
                0x00000538       0x1c .\CortexM3\ARM_GCC_541\Debug\VDAC Example.a(VDAC.o)
                0x00000538                VDAC_Enable
 .text.VDAC_SetSpeed
                0x00000554       0x1c .\CortexM3\ARM_GCC_541\Debug\VDAC Example.a(VDAC.o)
                0x00000554                VDAC_SetSpeed
 .text.VDAC_SetValue
                0x00000570        0xc .\CortexM3\ARM_GCC_541\Debug\VDAC Example.a(VDAC.o)
                0x00000570                VDAC_SetValue
 .text.VDAC_DacTrim
                0x0000057c       0x24 .\CortexM3\ARM_GCC_541\Debug\VDAC Example.a(VDAC.o)
                0x0000057c                VDAC_DacTrim
 .text.VDAC_SetRange
                0x000005a0       0x20 .\CortexM3\ARM_GCC_541\Debug\VDAC Example.a(VDAC.o)
                0x000005a0                VDAC_SetRange
 .text.VDAC_Init
                0x000005c0       0x20 .\CortexM3\ARM_GCC_541\Debug\VDAC Example.a(VDAC.o)
                0x000005c0                VDAC_Init
 .text.VDAC_Start
                0x000005e0       0x24 .\CortexM3\ARM_GCC_541\Debug\VDAC Example.a(VDAC.o)
                0x000005e0                VDAC_Start
 .text.ADC_GainCompensation
                0x00000604       0xdc .\CortexM3\ARM_GCC_541\Debug\VDAC Example.a(ADC.o)
 .text.ADC_SetDSMRef0Reg
                0x000006e0       0x4c .\CortexM3\ARM_GCC_541\Debug\VDAC Example.a(ADC.o)
 .text.ADC_InitConfig
                0x0000072c       0xe4 .\CortexM3\ARM_GCC_541\Debug\VDAC Example.a(ADC.o)
 .text.ADC_Init
                0x00000810       0xc4 .\CortexM3\ARM_GCC_541\Debug\VDAC Example.a(ADC.o)
                0x00000810                ADC_Init
 .text.ADC_Enable
                0x000008d4       0xd8 .\CortexM3\ARM_GCC_541\Debug\VDAC Example.a(ADC.o)
                0x000008d4                ADC_Enable
 .text.ADC_Start
                0x000009ac       0x28 .\CortexM3\ARM_GCC_541\Debug\VDAC Example.a(ADC.o)
                0x000009ac                ADC_Start
 .text.ADC_StartConvert
                0x000009d4       0x10 .\CortexM3\ARM_GCC_541\Debug\VDAC Example.a(ADC.o)
                0x000009d4                ADC_StartConvert
 .text.ADC_GetResult16
                0x000009e4       0x50 .\CortexM3\ARM_GCC_541\Debug\VDAC Example.a(ADC.o)
                0x000009e4                ADC_GetResult16
 .text.ADC_CountsTo_Volts
                0x00000a34       0x28 .\CortexM3\ARM_GCC_541\Debug\VDAC Example.a(ADC.o)
                0x00000a34                ADC_CountsTo_Volts
 .text.ADC_ISR1
                0x00000a5c        0x4 .\CortexM3\ARM_GCC_541\Debug\VDAC Example.a(ADC_INT.o)
                0x00000a5c                ADC_ISR1
 .text.UART_Init
                0x00000a60       0x24 .\CortexM3\ARM_GCC_541\Debug\VDAC Example.a(UART.o)
                0x00000a60                UART_Init
 .text.UART_Enable
                0x00000a84       0x38 .\CortexM3\ARM_GCC_541\Debug\VDAC Example.a(UART.o)
                0x00000a84                UART_Enable
 .text.UART_Start
                0x00000abc       0x1c .\CortexM3\ARM_GCC_541\Debug\VDAC Example.a(UART.o)
                0x00000abc                UART_Start
 .text.UART_PutChar
                0x00000ad8       0x18 .\CortexM3\ARM_GCC_541\Debug\VDAC Example.a(UART.o)
                0x00000ad8                UART_PutChar
 .text.UART_PutString
                0x00000af0       0x24 .\CortexM3\ARM_GCC_541\Debug\VDAC Example.a(UART.o)
                0x00000af0                UART_PutString
 .text.ADC_AMux_Start
                0x00000b14       0x20 .\CortexM3\ARM_GCC_541\Debug\VDAC Example.a(ADC_AMux.o)
                0x00000b14                ADC_AMux_Start
 .text.ADC_AMux_Select
                0x00000b34       0x18 .\CortexM3\ARM_GCC_541\Debug\VDAC Example.a(ADC_AMux.o)
                0x00000b34                ADC_AMux_Select
 .text.ADC_Ext_CP_Clk_GetDividerRegister
                0x00000b4c        0xc .\CortexM3\ARM_GCC_541\Debug\VDAC Example.a(ADC_Ext_CP_Clk.o)
                0x00000b4c                ADC_Ext_CP_Clk_GetDividerRegister
 .text.ADC_Ext_CP_Clk_SetModeRegister
                0x00000b58       0x14 .\CortexM3\ARM_GCC_541\Debug\VDAC Example.a(ADC_Ext_CP_Clk.o)
                0x00000b58                ADC_Ext_CP_Clk_SetModeRegister
 .text.ADC_Ext_CP_Clk_GetSourceRegister
                0x00000b6c       0x10 .\CortexM3\ARM_GCC_541\Debug\VDAC Example.a(ADC_Ext_CP_Clk.o)
                0x00000b6c                ADC_Ext_CP_Clk_GetSourceRegister
 .text.ADC_Ext_CP_Clk_SetDividerRegister
                0x00000b7c       0xd8 .\CortexM3\ARM_GCC_541\Debug\VDAC Example.a(ADC_Ext_CP_Clk.o)
                0x00000b7c                ADC_Ext_CP_Clk_SetDividerRegister
 .text.ADC_theACLK_GetDividerRegister
                0x00000c54        0xc .\CortexM3\ARM_GCC_541\Debug\VDAC Example.a(ADC_theACLK.o)
                0x00000c54                ADC_theACLK_GetDividerRegister
 .text.ADC_theACLK_SetModeRegister
                0x00000c60       0x14 .\CortexM3\ARM_GCC_541\Debug\VDAC Example.a(ADC_theACLK.o)
                0x00000c60                ADC_theACLK_SetModeRegister
 .text.ADC_theACLK_GetSourceRegister
                0x00000c74       0x10 .\CortexM3\ARM_GCC_541\Debug\VDAC Example.a(ADC_theACLK.o)
                0x00000c74                ADC_theACLK_GetSourceRegister
 .text.ADC_theACLK_SetDividerRegister
                0x00000c84       0xd8 .\CortexM3\ARM_GCC_541\Debug\VDAC Example.a(ADC_theACLK.o)
                0x00000c84                ADC_theACLK_SetDividerRegister
 .text.UART_IntClock_Start
                0x00000d5c       0x1c .\CortexM3\ARM_GCC_541\Debug\VDAC Example.a(UART_IntClock.o)
                0x00000d5c                UART_IntClock_Start
 .text          0x00000d78       0x20 .\CortexM3\ARM_GCC_541\Debug\VDAC Example.a(CyBootAsmGnu.o)
                0x00000d78                CyDelayCycles
                0x00000d88                CyEnterCriticalSection
                0x00000d90                CyExitCriticalSection
 .text          0x00000d98      0x370 c:/program files (x86)/cypress/psoc creator/4.2/psoc creator/import/gnu/arm/5.4.1/bin/../lib/gcc/arm-none-eabi/5.4.1/armv7-m\libgcc.a(_arm_addsubdf3.o)
                0x00000d98                __aeabi_drsub
                0x00000da0                __aeabi_dsub
                0x00000da0                __subdf3
                0x00000da4                __aeabi_dadd
                0x00000da4                __adddf3
                0x0000101c                __floatunsidf
                0x0000101c                __aeabi_ui2d
                0x0000103c                __floatsidf
                0x0000103c                __aeabi_i2d
                0x00001060                __aeabi_f2d
                0x00001060                __extendsfdf2
                0x0000109c                __floatundidf
                0x0000109c                __aeabi_ul2d
                0x000010ac                __floatdidf
                0x000010ac                __aeabi_l2d
 .text          0x00001108      0x110 c:/program files (x86)/cypress/psoc creator/4.2/psoc creator/import/gnu/arm/5.4.1/bin/../lib/gcc/arm-none-eabi/5.4.1/armv7-m\libgcc.a(_arm_cmpdf2.o)
                0x00001108                __gtdf2
                0x00001108                __gedf2
                0x00001110                __ltdf2
                0x00001110                __ledf2
                0x00001118                __nedf2
                0x00001118                __eqdf2
                0x00001118                __cmpdf2
                0x00001194                __aeabi_cdrcmple
                0x000011a4                __aeabi_cdcmpeq
                0x000011a4                __aeabi_cdcmple
                0x000011b4                __aeabi_dcmpeq
                0x000011c8                __aeabi_dcmplt
                0x000011dc                __aeabi_dcmple
                0x000011f0                __aeabi_dcmpge
                0x00001204                __aeabi_dcmpgt
 .text          0x00001218      0x21c c:/program files (x86)/cypress/psoc creator/4.2/psoc creator/import/gnu/arm/5.4.1/bin/../lib/gcc/arm-none-eabi/5.4.1/armv7-m\libgcc.a(_arm_addsubsf3.o)
                0x00001218                __aeabi_frsub
                0x00001220                __subsf3
                0x00001220                __aeabi_fsub
                0x00001224                __aeabi_fadd
                0x00001224                __addsf3
                0x00001384                __aeabi_ui2f
                0x00001384                __floatunsisf
                0x0000138c                __aeabi_i2f
                0x0000138c                __floatsisf
                0x000013a8                __aeabi_ul2f
                0x000013a8                __floatundisf
                0x000013b8                __aeabi_l2f
                0x000013b8                __floatdisf
 .text          0x00001434      0x2a0 c:/program files (x86)/cypress/psoc creator/4.2/psoc creator/import/gnu/arm/5.4.1/bin/../lib/gcc/arm-none-eabi/5.4.1/armv7-m\libgcc.a(_arm_muldivsf3.o)
                0x00001434                __mulsf3
                0x00001434                __aeabi_fmul
                0x0000159c                __aeabi_fdiv
                0x0000159c                __divsf3
 .text.__errno  0x000016d4        0xc c:/program files (x86)/cypress/psoc creator/4.2/psoc creator/import/gnu/arm/5.4.1/bin/../lib/gcc/arm-none-eabi/5.4.1/../../../../arm-none-eabi/lib/armv7-m\libg_nano.a(lib_a-errno.o)
                0x000016d4                __errno
 .text.__libc_init_array
                0x000016e0       0x4c c:/program files (x86)/cypress/psoc creator/4.2/psoc creator/import/gnu/arm/5.4.1/bin/../lib/gcc/arm-none-eabi/5.4.1/../../../../arm-none-eabi/lib/armv7-m\libg_nano.a(lib_a-init.o)
                0x000016e0                __libc_init_array
 .text.memcpy   0x0000172c       0x16 c:/program files (x86)/cypress/psoc creator/4.2/psoc creator/import/gnu/arm/5.4.1/bin/../lib/gcc/arm-none-eabi/5.4.1/../../../../arm-none-eabi/lib/armv7-m\libg_nano.a(lib_a-memcpy-stub.o)
                0x0000172c                memcpy
 .text.memset   0x00001742       0x10 c:/program files (x86)/cypress/psoc creator/4.2/psoc creator/import/gnu/arm/5.4.1/bin/../lib/gcc/arm-none-eabi/5.4.1/../../../../arm-none-eabi/lib/armv7-m\libg_nano.a(lib_a-memset.o)
                0x00001742                memset
 .text.__cvt    0x00001752       0xc0 c:/program files (x86)/cypress/psoc creator/4.2/psoc creator/import/gnu/arm/5.4.1/bin/../lib/gcc/arm-none-eabi/5.4.1/../../../../arm-none-eabi/lib/armv7-m\libg_nano.a(lib_a-nano-vfprintf_float.o)
                0x00001752                __cvt
 .text.__exponent
                0x00001812       0x62 c:/program files (x86)/cypress/psoc creator/4.2/psoc creator/import/gnu/arm/5.4.1/bin/../lib/gcc/arm-none-eabi/5.4.1/../../../../arm-none-eabi/lib/armv7-m\libg_nano.a(lib_a-nano-vfprintf_float.o)
                0x00001812                __exponent
 .text._printf_float
                0x00001874      0x488 c:/program files (x86)/cypress/psoc creator/4.2/psoc creator/import/gnu/arm/5.4.1/bin/../lib/gcc/arm-none-eabi/5.4.1/../../../../arm-none-eabi/lib/armv7-m\libg_nano.a(lib_a-nano-vfprintf_float.o)
                0x00001874                _printf_float
 .text._printf_common
                0x00001cfc       0xec c:/program files (x86)/cypress/psoc creator/4.2/psoc creator/import/gnu/arm/5.4.1/bin/../lib/gcc/arm-none-eabi/5.4.1/../../../../arm-none-eabi/lib/armv7-m\libg_nano.a(lib_a-nano-vfprintf_i.o)
                0x00001cfc                _printf_common
 .text._printf_i
                0x00001de8      0x24c c:/program files (x86)/cypress/psoc creator/4.2/psoc creator/import/gnu/arm/5.4.1/bin/../lib/gcc/arm-none-eabi/5.4.1/../../../../arm-none-eabi/lib/armv7-m\libg_nano.a(lib_a-nano-vfprintf_i.o)
                0x00001de8                _printf_i
 .text.sprintf  0x00002034       0x48 c:/program files (x86)/cypress/psoc creator/4.2/psoc creator/import/gnu/arm/5.4.1/bin/../lib/gcc/arm-none-eabi/5.4.1/../../../../arm-none-eabi/lib/armv7-m\libg_nano.a(lib_a-sprintf.o)
                0x00002034                siprintf
                0x00002034                sprintf
 .text          0x0000207c       0x10 c:/program files (x86)/cypress/psoc creator/4.2/psoc creator/import/gnu/arm/5.4.1/bin/../lib/gcc/arm-none-eabi/5.4.1/../../../../arm-none-eabi/lib/armv7-m\libg_nano.a(lib_a-strlen.o)
                0x0000207c                strlen
 .text.quorem   0x0000208c      0x116 c:/program files (x86)/cypress/psoc creator/4.2/psoc creator/import/gnu/arm/5.4.1/bin/../lib/gcc/arm-none-eabi/5.4.1/../../../../arm-none-eabi/lib/armv7-m\libg_nano.a(lib_a-dtoa.o)
 *fill*         0x000021a2        0x6 
 .text._dtoa_r  0x000021a8      0xb30 c:/program files (x86)/cypress/psoc creator/4.2/psoc creator/import/gnu/arm/5.4.1/bin/../lib/gcc/arm-none-eabi/5.4.1/../../../../arm-none-eabi/lib/armv7-m\libg_nano.a(lib_a-dtoa.o)
                0x000021a8                _dtoa_r
 .text._localeconv_r
                0x00002cd8        0x8 c:/program files (x86)/cypress/psoc creator/4.2/psoc creator/import/gnu/arm/5.4.1/bin/../lib/gcc/arm-none-eabi/5.4.1/../../../../arm-none-eabi/lib/armv7-m\libg_nano.a(lib_a-locale.o)
                0x00002cd8                _localeconv_r
 .text.malloc   0x00002ce0       0x10 c:/program files (x86)/cypress/psoc creator/4.2/psoc creator/import/gnu/arm/5.4.1/bin/../lib/gcc/arm-none-eabi/5.4.1/../../../../arm-none-eabi/lib/armv7-m\libg_nano.a(lib_a-malloc.o)
                0x00002ce0                malloc
 .text.memchr   0x00002cf0       0x1c c:/program files (x86)/cypress/psoc creator/4.2/psoc creator/import/gnu/arm/5.4.1/bin/../lib/gcc/arm-none-eabi/5.4.1/../../../../arm-none-eabi/lib/armv7-m\libg_nano.a(lib_a-memchr-stub.o)
                0x00002cf0                memchr
 .text._Balloc  0x00002d0c       0x6a c:/program files (x86)/cypress/psoc creator/4.2/psoc creator/import/gnu/arm/5.4.1/bin/../lib/gcc/arm-none-eabi/5.4.1/../../../../arm-none-eabi/lib/armv7-m\libg_nano.a(lib_a-mprec.o)
                0x00002d0c                _Balloc
 .text._Bfree   0x00002d76       0x2e c:/program files (x86)/cypress/psoc creator/4.2/psoc creator/import/gnu/arm/5.4.1/bin/../lib/gcc/arm-none-eabi/5.4.1/../../../../arm-none-eabi/lib/armv7-m\libg_nano.a(lib_a-mprec.o)
                0x00002d76                _Bfree
 .text.__multadd
                0x00002da4       0x76 c:/program files (x86)/cypress/psoc creator/4.2/psoc creator/import/gnu/arm/5.4.1/bin/../lib/gcc/arm-none-eabi/5.4.1/../../../../arm-none-eabi/lib/armv7-m\libg_nano.a(lib_a-mprec.o)
                0x00002da4                __multadd
 .text.__hi0bits
                0x00002e1a       0x40 c:/program files (x86)/cypress/psoc creator/4.2/psoc creator/import/gnu/arm/5.4.1/bin/../lib/gcc/arm-none-eabi/5.4.1/../../../../arm-none-eabi/lib/armv7-m\libg_nano.a(lib_a-mprec.o)
                0x00002e1a                __hi0bits
 .text.__lo0bits
                0x00002e5a       0x5a c:/program files (x86)/cypress/psoc creator/4.2/psoc creator/import/gnu/arm/5.4.1/bin/../lib/gcc/arm-none-eabi/5.4.1/../../../../arm-none-eabi/lib/armv7-m\libg_nano.a(lib_a-mprec.o)
                0x00002e5a                __lo0bits
 .text.__i2b    0x00002eb4       0x12 c:/program files (x86)/cypress/psoc creator/4.2/psoc creator/import/gnu/arm/5.4.1/bin/../lib/gcc/arm-none-eabi/5.4.1/../../../../arm-none-eabi/lib/armv7-m\libg_nano.a(lib_a-mprec.o)
                0x00002eb4                __i2b
 .text.__multiply
                0x00002ec6      0x120 c:/program files (x86)/cypress/psoc creator/4.2/psoc creator/import/gnu/arm/5.4.1/bin/../lib/gcc/arm-none-eabi/5.4.1/../../../../arm-none-eabi/lib/armv7-m\libg_nano.a(lib_a-mprec.o)
                0x00002ec6                __multiply
 *fill*         0x00002fe6        0x2 
 .text.__pow5mult
                0x00002fe8       0x9c c:/program files (x86)/cypress/psoc creator/4.2/psoc creator/import/gnu/arm/5.4.1/bin/../lib/gcc/arm-none-eabi/5.4.1/../../../../arm-none-eabi/lib/armv7-m\libg_nano.a(lib_a-mprec.o)
                0x00002fe8                __pow5mult
 .text.__lshift
                0x00003084       0xa2 c:/program files (x86)/cypress/psoc creator/4.2/psoc creator/import/gnu/arm/5.4.1/bin/../lib/gcc/arm-none-eabi/5.4.1/../../../../arm-none-eabi/lib/armv7-m\libg_nano.a(lib_a-mprec.o)
                0x00003084                __lshift
 .text.__mcmp   0x00003126       0x38 c:/program files (x86)/cypress/psoc creator/4.2/psoc creator/import/gnu/arm/5.4.1/bin/../lib/gcc/arm-none-eabi/5.4.1/../../../../arm-none-eabi/lib/armv7-m\libg_nano.a(lib_a-mprec.o)
                0x00003126                __mcmp
 .text.__mdiff  0x0000315e       0xbe c:/program files (x86)/cypress/psoc creator/4.2/psoc creator/import/gnu/arm/5.4.1/bin/../lib/gcc/arm-none-eabi/5.4.1/../../../../arm-none-eabi/lib/armv7-m\libg_nano.a(lib_a-mprec.o)
                0x0000315e                __mdiff
 .text.__d2b    0x0000321c       0x9c c:/program files (x86)/cypress/psoc creator/4.2/psoc creator/import/gnu/arm/5.4.1/bin/../lib/gcc/arm-none-eabi/5.4.1/../../../../arm-none-eabi/lib/armv7-m\libg_nano.a(lib_a-mprec.o)
                0x0000321c                __d2b
 .text._calloc_r
                0x000032b8       0x1c c:/program files (x86)/cypress/psoc creator/4.2/psoc creator/import/gnu/arm/5.4.1/bin/../lib/gcc/arm-none-eabi/5.4.1/../../../../arm-none-eabi/lib/armv7-m\libg_nano.a(lib_a-nano-callocr.o)
                0x000032b8                _calloc_r
 .text._free_r  0x000032d4       0x98 c:/program files (x86)/cypress/psoc creator/4.2/psoc creator/import/gnu/arm/5.4.1/bin/../lib/gcc/arm-none-eabi/5.4.1/../../../../arm-none-eabi/lib/armv7-m\libg_nano.a(lib_a-nano-freer.o)
                0x000032d4                _free_r
 .text._malloc_r
                0x0000336c       0xbc c:/program files (x86)/cypress/psoc creator/4.2/psoc creator/import/gnu/arm/5.4.1/bin/../lib/gcc/arm-none-eabi/5.4.1/../../../../arm-none-eabi/lib/armv7-m\libg_nano.a(lib_a-nano-mallocr.o)
                0x0000336c                _malloc_r
 .text.__ssputs_r
                0x00003428       0xb2 c:/program files (x86)/cypress/psoc creator/4.2/psoc creator/import/gnu/arm/5.4.1/bin/../lib/gcc/arm-none-eabi/5.4.1/../../../../arm-none-eabi/lib/armv7-m\libg_nano.a(lib_a-nano-svfprintf.o)
                0x00003428                __ssputs_r
 *fill*         0x000034da        0x2 
 .text._svfprintf_r
                0x000034dc      0x1e8 c:/program files (x86)/cypress/psoc creator/4.2/psoc creator/import/gnu/arm/5.4.1/bin/../lib/gcc/arm-none-eabi/5.4.1/../../../../arm-none-eabi/lib/armv7-m\libg_nano.a(lib_a-nano-svfprintf.o)
                0x000034dc                _svfiprintf_r
                0x000034dc                _svfprintf_r
 .text._sbrk_r  0x000036c4       0x20 c:/program files (x86)/cypress/psoc creator/4.2/psoc creator/import/gnu/arm/5.4.1/bin/../lib/gcc/arm-none-eabi/5.4.1/../../../../arm-none-eabi/lib/armv7-m\libg_nano.a(lib_a-sbrkr.o)
                0x000036c4                _sbrk_r
 .text.memmove  0x000036e4       0x36 c:/program files (x86)/cypress/psoc creator/4.2/psoc creator/import/gnu/arm/5.4.1/bin/../lib/gcc/arm-none-eabi/5.4.1/../../../../arm-none-eabi/lib/armv7-m\libg_nano.a(lib_a-memmove.o)
                0x000036e4                memmove
 .text.__malloc_lock
                0x0000371a        0x2 c:/program files (x86)/cypress/psoc creator/4.2/psoc creator/import/gnu/arm/5.4.1/bin/../lib/gcc/arm-none-eabi/5.4.1/../../../../arm-none-eabi/lib/armv7-m\libg_nano.a(lib_a-mlock.o)
                0x0000371a                __malloc_lock
 .text.__malloc_unlock
                0x0000371c        0x2 c:/program files (x86)/cypress/psoc creator/4.2/psoc creator/import/gnu/arm/5.4.1/bin/../lib/gcc/arm-none-eabi/5.4.1/../../../../arm-none-eabi/lib/armv7-m\libg_nano.a(lib_a-mlock.o)
                0x0000371c                __malloc_unlock
 .text._realloc_r
                0x0000371e       0x4c c:/program files (x86)/cypress/psoc creator/4.2/psoc creator/import/gnu/arm/5.4.1/bin/../lib/gcc/arm-none-eabi/5.4.1/../../../../arm-none-eabi/lib/armv7-m\libg_nano.a(lib_a-nano-reallocr.o)
                0x0000371e                _realloc_r
 .text._malloc_usable_size_r
                0x0000376a       0x14 c:/program files (x86)/cypress/psoc creator/4.2/psoc creator/import/gnu/arm/5.4.1/bin/../lib/gcc/arm-none-eabi/5.4.1/../../../../arm-none-eabi/lib/armv7-m\libg_nano.a(lib_a-nano-msizer.o)
                0x0000376a                _malloc_usable_size_r
 *fill*         0x0000377e        0x2 
 .text          0x00003780      0x424 c:/program files (x86)/cypress/psoc creator/4.2/psoc creator/import/gnu/arm/5.4.1/bin/../lib/gcc/arm-none-eabi/5.4.1/armv7-m\libgcc.a(_arm_muldivdf3.o)
                0x00003780                __aeabi_dmul
                0x00003780                __muldf3
                0x000039d4                __divdf3
                0x000039d4                __aeabi_ddiv
 .text          0x00003ba4       0x2c c:/program files (x86)/cypress/psoc creator/4.2/psoc creator/import/gnu/arm/5.4.1/bin/../lib/gcc/arm-none-eabi/5.4.1/armv7-m\libgcc.a(_arm_unorddf2.o)
                0x00003ba4                __unorddf2
                0x00003ba4                __aeabi_dcmpun
 .text          0x00003bd0       0x50 c:/program files (x86)/cypress/psoc creator/4.2/psoc creator/import/gnu/arm/5.4.1/bin/../lib/gcc/arm-none-eabi/5.4.1/armv7-m\libgcc.a(_arm_fixdfsi.o)
                0x00003bd0                __aeabi_d2iz
                0x00003bd0                __fixdfsi
 *(.plt)
 *(.gnu.warning)
 *(.glue_7t)
 .glue_7t       0x00003c20        0x0 linker stubs
 *(.glue_7)
 .glue_7        0x00003c20        0x0 linker stubs
 *(.vfp11_veneer)
 .vfp11_veneer  0x00003c20        0x0 linker stubs
 *(.bootloader)
 *(.ARM.extab* .gnu.linkonce.armextab.*)
 *(.gcc_except_table)

.v4_bx          0x00003c20        0x0
 .v4_bx         0x00003c20        0x0 linker stubs

.iplt           0x00003c20        0x0
 .iplt          0x00003c20        0x0 c:/program files (x86)/cypress/psoc creator/4.2/psoc creator/import/gnu/arm/5.4.1/bin/../lib/gcc/arm-none-eabi/5.4.1/armv7-m/crtbegin.o

.eh_frame_hdr
 *(.eh_frame_hdr)

.eh_frame       0x00003c20        0x4
 *(.eh_frame)
 .eh_frame      0x00003c20        0x0 c:/program files (x86)/cypress/psoc creator/4.2/psoc creator/import/gnu/arm/5.4.1/bin/../lib/gcc/arm-none-eabi/5.4.1/armv7-m/crtbegin.o
 .eh_frame      0x00003c20        0x4 c:/program files (x86)/cypress/psoc creator/4.2/psoc creator/import/gnu/arm/5.4.1/bin/../lib/gcc/arm-none-eabi/5.4.1/armv7-m/crtend.o
                [!provide]                PROVIDE (__exidx_start, .)

.ARM.exidx
 *(.ARM.exidx* .gnu.linkonce.armexidx.*)
                0x00003c24                __exidx_end = .

.rodata         0x00003c28      0x200
 *(.rodata .rodata.* .gnu.linkonce.r.*)
 .rodata.str1.4
                0x00003c28        0xc .\CortexM3\ARM_GCC_541\Debug\main.o
                                  0xb (size before relaxing)
 .rodata        0x00003c34       0x5c .\CortexM3\ARM_GCC_541\Debug\cyfitter_cfg.o
                0x00003c34                ADC_AMux__addrTable
                0x00003c3c                ADC_AMux__maskTable
 .rodata.str1.1
                0x00003c90        0x2 c:/program files (x86)/cypress/psoc creator/4.2/psoc creator/import/gnu/arm/5.4.1/bin/../lib/gcc/arm-none-eabi/5.4.1/../../../../arm-none-eabi/lib/armv7-m\libg_nano.a(lib_a-impure.o)
 .rodata.str1.1
                0x00003c92       0x12 c:/program files (x86)/cypress/psoc creator/4.2/psoc creator/import/gnu/arm/5.4.1/bin/../lib/gcc/arm-none-eabi/5.4.1/../../../../arm-none-eabi/lib/armv7-m\libg_nano.a(lib_a-nano-vfprintf_float.o)
 .rodata.str1.1
                0x00003ca4       0x22 c:/program files (x86)/cypress/psoc creator/4.2/psoc creator/import/gnu/arm/5.4.1/bin/../lib/gcc/arm-none-eabi/5.4.1/../../../../arm-none-eabi/lib/armv7-m\libg_nano.a(lib_a-nano-vfprintf_i.o)
 .rodata.str1.1
                0x00003cc6        0xd c:/program files (x86)/cypress/psoc creator/4.2/psoc creator/import/gnu/arm/5.4.1/bin/../lib/gcc/arm-none-eabi/5.4.1/../../../../arm-none-eabi/lib/armv7-m\libg_nano.a(lib_a-dtoa.o)
                                  0xf (size before relaxing)
 .rodata.str1.1
                0x00003cd3        0x8 c:/program files (x86)/cypress/psoc creator/4.2/psoc creator/import/gnu/arm/5.4.1/bin/../lib/gcc/arm-none-eabi/5.4.1/../../../../arm-none-eabi/lib/armv7-m\libg_nano.a(lib_a-locale.o)
                                  0xb (size before relaxing)
 *fill*         0x00003cdb        0x5 
 .rodata.__mprec_tens
                0x00003ce0       0xc8 c:/program files (x86)/cypress/psoc creator/4.2/psoc creator/import/gnu/arm/5.4.1/bin/../lib/gcc/arm-none-eabi/5.4.1/../../../../arm-none-eabi/lib/armv7-m\libg_nano.a(lib_a-mprec.o)
                0x00003ce0                __mprec_tens
 .rodata.p05.5408
                0x00003da8        0xc c:/program files (x86)/cypress/psoc creator/4.2/psoc creator/import/gnu/arm/5.4.1/bin/../lib/gcc/arm-none-eabi/5.4.1/../../../../arm-none-eabi/lib/armv7-m\libg_nano.a(lib_a-mprec.o)
 *fill*         0x00003db4        0x4 
 .rodata.__mprec_bigtens
                0x00003db8       0x28 c:/program files (x86)/cypress/psoc creator/4.2/psoc creator/import/gnu/arm/5.4.1/bin/../lib/gcc/arm-none-eabi/5.4.1/../../../../arm-none-eabi/lib/armv7-m\libg_nano.a(lib_a-mprec.o)
                0x00003db8                __mprec_bigtens
 .rodata.str1.1
                0x00003de0       0x11 c:/program files (x86)/cypress/psoc creator/4.2/psoc creator/import/gnu/arm/5.4.1/bin/../lib/gcc/arm-none-eabi/5.4.1/../../../../arm-none-eabi/lib/armv7-m\libg_nano.a(lib_a-nano-svfprintf.o)
                0x00003df4                . = ALIGN (0x4)
 *fill*         0x00003df1        0x3 
 *(.init)
 .init          0x00003df4        0x4 c:/program files (x86)/cypress/psoc creator/4.2/psoc creator/import/gnu/arm/5.4.1/bin/../lib/gcc/arm-none-eabi/5.4.1/armv7-m/crti.o
                0x00003df4                _init
 .init          0x00003df8        0x8 c:/program files (x86)/cypress/psoc creator/4.2/psoc creator/import/gnu/arm/5.4.1/bin/../lib/gcc/arm-none-eabi/5.4.1/armv7-m/crtn.o
                0x00003e00                . = ALIGN (0x4)
                0x00003e00                __preinit_array_start = .
 *(.preinit_array)
                0x00003e00                __preinit_array_end = .
                0x00003e00                . = ALIGN (0x4)
                0x00003e00                __init_array_start = .
 *(SORT(.init_array.*))
 *(.init_array)
 .init_array    0x00003e00        0x4 c:/program files (x86)/cypress/psoc creator/4.2/psoc creator/import/gnu/arm/5.4.1/bin/../lib/gcc/arm-none-eabi/5.4.1/armv7-m/crtbegin.o
 .init_array    0x00003e04        0x4 .\CortexM3\ARM_GCC_541\Debug\Cm3Start.o
                0x00003e08                __init_array_end = .
                0x00003e08                . = ALIGN (0x4)
 *(.fini)
 .fini          0x00003e08        0x4 c:/program files (x86)/cypress/psoc creator/4.2/psoc creator/import/gnu/arm/5.4.1/bin/../lib/gcc/arm-none-eabi/5.4.1/armv7-m/crti.o
                0x00003e08                _fini
 .fini          0x00003e0c        0x8 c:/program files (x86)/cypress/psoc creator/4.2/psoc creator/import/gnu/arm/5.4.1/bin/../lib/gcc/arm-none-eabi/5.4.1/armv7-m/crtn.o
                0x00003e14                . = ALIGN (0x4)
                0x00003e14                __fini_array_start = .
 *(.fini_array)
 .fini_array    0x00003e14        0x4 c:/program files (x86)/cypress/psoc creator/4.2/psoc creator/import/gnu/arm/5.4.1/bin/../lib/gcc/arm-none-eabi/5.4.1/armv7-m/crtbegin.o
 *(SORT(.fini_array.*))
                0x00003e18                __fini_array_end = .
                0x00003e18                . = ALIGN (0x4)
 *crtbegin.o(.ctors)
 *(EXCLUDE_FILE(*crtend.o) .ctors)
 *(SORT(.ctors.*))
 *crtend.o(.ctors)
                0x00003e18                . = ALIGN (0x4)
 *crtbegin.o(.dtors)
 *(EXCLUDE_FILE(*crtend.o) .dtors)
 *(SORT(.dtors.*))
 *crtend.o(.dtors)
                0x00003e18                . = ALIGN (0x4)
                0x00003e18                __cy_regions = .
                0x00003e18        0x4 LONG 0x3e28 __cy_region_init_ram
                0x00003e1c        0x4 LONG 0x1fff80c8 __cy_region_start_data
                0x00003e20        0x4 LONG 0xb8 __cy_region_init_size_ram
                0x00003e24        0x4 LONG 0x40 __cy_region_zero_size_ram
                0x00003e28                __cy_regions_end = .
                0x00003e28                . = ALIGN (0x8)
                0x00003e28                _etext = .

.ramvectors     0x1fff8000       0xc0
                0x1fff8000                __cy_region_start_ram = .
 *(.ramvectors)
 .ramvectors    0x1fff8000       0xc0 .\CortexM3\ARM_GCC_541\Debug\Cm3Start.o
                0x1fff8000                CyRamVectors

.noinit         0x1fff80c0        0x1
 *(.noinit)
 .noinit        0x1fff80c0        0x1 .\CortexM3\ARM_GCC_541\Debug\VDAC Example.a(CyLib.o)
                0x1fff80c0                CyResetStatus

.data           0x1fff80c8       0xb8 load address 0x00003e28
                0x1fff80c8                __cy_region_start_data = .
 *(.jcr)
 .jcr           0x1fff80c8        0x0 c:/program files (x86)/cypress/psoc creator/4.2/psoc creator/import/gnu/arm/5.4.1/bin/../lib/gcc/arm-none-eabi/5.4.1/armv7-m/crtbegin.o
 .jcr           0x1fff80c8        0x4 c:/program files (x86)/cypress/psoc creator/4.2/psoc creator/import/gnu/arm/5.4.1/bin/../lib/gcc/arm-none-eabi/5.4.1/armv7-m/crtend.o
 *(.got.plt)
 *(.got)
 *(.shdata)
 *(.data .data.* .gnu.linkonce.d.*)
 .data          0x1fff80cc        0x4 .\CortexM3\ARM_GCC_541\Debug\Cm3Start.o
 .data          0x1fff80d0       0x10 .\CortexM3\ARM_GCC_541\Debug\VDAC Example.a(CyLib.o)
                0x1fff80d0                cydelay_32k_ms
                0x1fff80d4                cydelay_freq_khz
                0x1fff80d8                cydelay_freq_mhz
                0x1fff80dc                cydelay_freq_hz
 .data          0x1fff80e0        0x1 .\CortexM3\ARM_GCC_541\Debug\VDAC Example.a(ADC.o)
                0x1fff80e0                ADC_Config
 .data          0x1fff80e1        0x1 .\CortexM3\ARM_GCC_541\Debug\VDAC Example.a(ADC_AMux.o)
 *fill*         0x1fff80e2        0x2 
 .data.impure_data
                0x1fff80e4       0x60 c:/program files (x86)/cypress/psoc creator/4.2/psoc creator/import/gnu/arm/5.4.1/bin/../lib/gcc/arm-none-eabi/5.4.1/../../../../arm-none-eabi/lib/armv7-m\libg_nano.a(lib_a-impure.o)
 .data._impure_ptr
                0x1fff8144        0x4 c:/program files (x86)/cypress/psoc creator/4.2/psoc creator/import/gnu/arm/5.4.1/bin/../lib/gcc/arm-none-eabi/5.4.1/../../../../arm-none-eabi/lib/armv7-m\libg_nano.a(lib_a-impure.o)
                0x1fff8144                _impure_ptr
 .data.lconv    0x1fff8148       0x38 c:/program files (x86)/cypress/psoc creator/4.2/psoc creator/import/gnu/arm/5.4.1/bin/../lib/gcc/arm-none-eabi/5.4.1/../../../../arm-none-eabi/lib/armv7-m\libg_nano.a(lib_a-locale.o)
                0x1fff8180                . = ALIGN (0x8)
 *(.ram)
                0x1fff8180                _edata = .

.igot.plt       0x1fff8180        0x0 load address 0x00003ee0
 .igot.plt      0x1fff8180        0x0 c:/program files (x86)/cypress/psoc creator/4.2/psoc creator/import/gnu/arm/5.4.1/bin/../lib/gcc/arm-none-eabi/5.4.1/armv7-m/crtbegin.o

.bss            0x1fff8180       0x40 load address 0x00003ee0
                0x1fff8180                PROVIDE (__bss_start__, .)
 *(.shbss)
 *(.bss .bss.* .gnu.linkonce.b.*)
 .bss           0x1fff8180       0x1c c:/program files (x86)/cypress/psoc creator/4.2/psoc creator/import/gnu/arm/5.4.1/bin/../lib/gcc/arm-none-eabi/5.4.1/armv7-m/crtbegin.o
 .bss           0x1fff819c        0x1 .\CortexM3\ARM_GCC_541\Debug\VDAC Example.a(VDAC.o)
                0x1fff819c                VDAC_initVar
 *fill*         0x1fff819d        0x3 
 .bss           0x1fff81a0        0x8 .\CortexM3\ARM_GCC_541\Debug\VDAC Example.a(ADC.o)
                0x1fff81a4                ADC_stopConversion
                0x1fff81a5                ADC_convDone
                0x1fff81a6                ADC_initVar
                0x1fff81a7                ADC_started
 .bss           0x1fff81a8        0x2 .\CortexM3\ARM_GCC_541\Debug\VDAC Example.a(UART.o)
                0x1fff81a8                UART_initVar
 *fill*         0x1fff81aa        0x2 
 .bss.__malloc_sbrk_start
                0x1fff81ac        0x4 c:/program files (x86)/cypress/psoc creator/4.2/psoc creator/import/gnu/arm/5.4.1/bin/../lib/gcc/arm-none-eabi/5.4.1/../../../../arm-none-eabi/lib/armv7-m\libg_nano.a(lib_a-nano-mallocr.o)
                0x1fff81ac                __malloc_sbrk_start
 .bss.__malloc_free_list
                0x1fff81b0        0x4 c:/program files (x86)/cypress/psoc creator/4.2/psoc creator/import/gnu/arm/5.4.1/bin/../lib/gcc/arm-none-eabi/5.4.1/../../../../arm-none-eabi/lib/armv7-m\libg_nano.a(lib_a-nano-mallocr.o)
                0x1fff81b0                __malloc_free_list
 *(COMMON)
 COMMON         0x1fff81b4        0x8 .\CortexM3\ARM_GCC_541\Debug\VDAC Example.a(ADC.o)
                0x1fff81b4                ADC_Offset
                0x1fff81b8                ADC_CountsPerVolt
 COMMON         0x1fff81bc        0x4 c:/program files (x86)/cypress/psoc creator/4.2/psoc creator/import/gnu/arm/5.4.1/bin/../lib/gcc/arm-none-eabi/5.4.1/../../../../arm-none-eabi/lib/armv7-m\libg_nano.a(lib_a-reent.o)
                0x1fff81bc                errno
                0x1fff81c0                . = ALIGN (0x8)
 *(.ram.b)
                0x1fff81c0                _end = .
                0x1fff81c0                __end = .
                0x1fff81c0                PROVIDE (end, .)
                0x1fff81c0                PROVIDE (__bss_end__, .)
                0x00003e28                __cy_region_init_ram = LOADADDR (.data)
                0x000000b8                __cy_region_init_size_ram = (_edata - ADDR (.data))
                0x00000040                __cy_region_zero_size_ram = (_end - _edata)

.heap           0x1fff81c0     0x1000 load address 0x00003ee0
                0x1fff81c0                . = _end
                0x1fff91c0                . = (. + 0x1000)
 *fill*         0x1fff81c0     0x1000 
                0x1fff91c0                __cy_heap_limit = .

.stack          0x20004000     0x4000
                0x20004000                __cy_stack_limit = .
                0x20008000                . = (. + 0x4000)
 *fill*         0x20004000     0x4000 
                0x00000001                ASSERT ((__cy_stack_limit >= __cy_heap_limit), region RAM overflowed with stack)

.cyloadermeta
 *(.cyloadermeta)

.cyloadablemeta
 *(.cyloadablemeta)

.cyconfigecc    0x80000000      0x32c
 *(.cyconfigecc)
 .cyconfigecc   0x80000000      0x32c .\CortexM3\ARM_GCC_541\Debug\cymetadata.o
                0x80000000                cy_meta_configecc

.cycustnvl      0x90000000        0x4
 *(.cycustnvl)
 .cycustnvl     0x90000000        0x4 .\CortexM3\ARM_GCC_541\Debug\cymetadata.o
                0x90000000                cy_meta_custnvl

.cywolatch      0x90100000        0x4
 *(.cywolatch)
 .cywolatch     0x90100000        0x4 .\CortexM3\ARM_GCC_541\Debug\cymetadata.o
                0x90100000                cy_meta_wonvl

.cyeeprom       0x90200000        0x0
 *(.cyeeprom)
                0x00000001                ASSERT ((. <= ((0x90200000 + ee_offset) + ee_size)), .cyeeprom data will not fit in EEPROM)

.cyflashprotect
                0x90400000      0x100
 *(.cyflashprotect)
 .cyflashprotect
                0x90400000      0x100 .\CortexM3\ARM_GCC_541\Debug\cymetadata.o
                0x90400000                cy_meta_flashprotect

.cymeta         0x90500000        0xc
 *(.cymeta)
 .cymeta        0x90500000        0xc .\CortexM3\ARM_GCC_541\Debug\cymetadata.o
                0x90500000                cy_metadata

.rel.dyn        0x00003ee0        0x0 load address 0x9050000c
 .rel.iplt      0x00003ee0        0x0 c:/program files (x86)/cypress/psoc creator/4.2/psoc creator/import/gnu/arm/5.4.1/bin/../lib/gcc/arm-none-eabi/5.4.1/armv7-m/crtbegin.o

.stab
 *(.stab)

.stabstr
 *(.stabstr)

.debug
 *(.debug)

.line
 *(.line)

.debug_srcinfo
 *(.debug_srcinfo)

.debug_sfnames
 *(.debug_sfnames)

.debug_aranges  0x00000000      0x928
 *(.debug_aranges)
 .debug_aranges
                0x00000000       0x20 .\CortexM3\ARM_GCC_541\Debug\main.o
 .debug_aranges
                0x00000020       0x68 .\CortexM3\ARM_GCC_541\Debug\cyfitter_cfg.o
 .debug_aranges
                0x00000088       0x18 .\CortexM3\ARM_GCC_541\Debug\cymetadata.o
 .debug_aranges
                0x000000a0       0x48 .\CortexM3\ARM_GCC_541\Debug\Cm3Start.o
 .debug_aranges
                0x000000e8      0x298 .\CortexM3\ARM_GCC_541\Debug\VDAC Example.a(CyLib.o)
 .debug_aranges
                0x00000380       0x98 .\CortexM3\ARM_GCC_541\Debug\VDAC Example.a(cyPm.o)
 .debug_aranges
                0x00000418       0x58 .\CortexM3\ARM_GCC_541\Debug\VDAC Example.a(VDAC.o)
 .debug_aranges
                0x00000470       0xe8 .\CortexM3\ARM_GCC_541\Debug\VDAC Example.a(ADC.o)
 .debug_aranges
                0x00000558       0x38 .\CortexM3\ARM_GCC_541\Debug\VDAC Example.a(ADC_INT.o)
 .debug_aranges
                0x00000590       0xf0 .\CortexM3\ARM_GCC_541\Debug\VDAC Example.a(UART.o)
 .debug_aranges
                0x00000680       0x30 .\CortexM3\ARM_GCC_541\Debug\VDAC Example.a(ADC_AMux.o)
 .debug_aranges
                0x000006b0       0x70 .\CortexM3\ARM_GCC_541\Debug\VDAC Example.a(ADC_Ext_CP_Clk.o)
 .debug_aranges
                0x00000720       0x80 .\CortexM3\ARM_GCC_541\Debug\VDAC Example.a(ADC_theACLK.o)
 .debug_aranges
                0x000007a0       0x70 .\CortexM3\ARM_GCC_541\Debug\VDAC Example.a(UART_IntClock.o)
 .debug_aranges
                0x00000810       0x20 .\CortexM3\ARM_GCC_541\Debug\VDAC Example.a(CyBootAsmGnu.o)
 .debug_aranges
                0x00000830       0x80 .\CortexM3\ARM_GCC_541\Debug\VDAC Example.a(CyFlash.o)
 .debug_aranges
                0x000008b0       0x78 .\CortexM3\ARM_GCC_541\Debug\VDAC Example.a(CySpc.o)

.debug_pubnames
 *(.debug_pubnames)

.debug_info     0x00000000     0x5227
 *(.debug_info .gnu.linkonce.wi.*)
 .debug_info    0x00000000      0x23f .\CortexM3\ARM_GCC_541\Debug\main.o
 .debug_info    0x0000023f      0x677 .\CortexM3\ARM_GCC_541\Debug\cyfitter_cfg.o
 .debug_info    0x000008b6      0x135 .\CortexM3\ARM_GCC_541\Debug\cymetadata.o
 .debug_info    0x000009eb      0x3a5 .\CortexM3\ARM_GCC_541\Debug\Cm3Start.o
 .debug_info    0x00000d90     0x135b .\CortexM3\ARM_GCC_541\Debug\VDAC Example.a(CyLib.o)
 .debug_info    0x000020eb      0xa1b .\CortexM3\ARM_GCC_541\Debug\VDAC Example.a(cyPm.o)
 .debug_info    0x00002b06      0x1de .\CortexM3\ARM_GCC_541\Debug\VDAC Example.a(VDAC.o)
 .debug_info    0x00002ce4      0xa11 .\CortexM3\ARM_GCC_541\Debug\VDAC Example.a(ADC.o)
 .debug_info    0x000036f5       0xd3 .\CortexM3\ARM_GCC_541\Debug\VDAC Example.a(ADC_INT.o)
 .debug_info    0x000037c8      0x609 .\CortexM3\ARM_GCC_541\Debug\VDAC Example.a(UART.o)
 .debug_info    0x00003dd1      0x164 .\CortexM3\ARM_GCC_541\Debug\VDAC Example.a(ADC_AMux.o)
 .debug_info    0x00003f35      0x281 .\CortexM3\ARM_GCC_541\Debug\VDAC Example.a(ADC_Ext_CP_Clk.o)
 .debug_info    0x000041b6      0x2c2 .\CortexM3\ARM_GCC_541\Debug\VDAC Example.a(ADC_theACLK.o)
 .debug_info    0x00004478      0x281 .\CortexM3\ARM_GCC_541\Debug\VDAC Example.a(UART_IntClock.o)
 .debug_info    0x000046f9       0x8a .\CortexM3\ARM_GCC_541\Debug\VDAC Example.a(CyBootAsmGnu.o)
 .debug_info    0x00004783      0x5b8 .\CortexM3\ARM_GCC_541\Debug\VDAC Example.a(CyFlash.o)
 .debug_info    0x00004d3b      0x4ec .\CortexM3\ARM_GCC_541\Debug\VDAC Example.a(CySpc.o)

.debug_abbrev   0x00000000     0x15e9
 *(.debug_abbrev)
 .debug_abbrev  0x00000000       0xeb .\CortexM3\ARM_GCC_541\Debug\main.o
 .debug_abbrev  0x000000eb      0x22d .\CortexM3\ARM_GCC_541\Debug\cyfitter_cfg.o
 .debug_abbrev  0x00000318       0x66 .\CortexM3\ARM_GCC_541\Debug\cymetadata.o
 .debug_abbrev  0x0000037e      0x203 .\CortexM3\ARM_GCC_541\Debug\Cm3Start.o
 .debug_abbrev  0x00000581      0x254 .\CortexM3\ARM_GCC_541\Debug\VDAC Example.a(CyLib.o)
 .debug_abbrev  0x000007d5      0x1b8 .\CortexM3\ARM_GCC_541\Debug\VDAC Example.a(cyPm.o)
 .debug_abbrev  0x0000098d      0x104 .\CortexM3\ARM_GCC_541\Debug\VDAC Example.a(VDAC.o)
 .debug_abbrev  0x00000a91      0x1eb .\CortexM3\ARM_GCC_541\Debug\VDAC Example.a(ADC.o)
 .debug_abbrev  0x00000c7c       0x42 .\CortexM3\ARM_GCC_541\Debug\VDAC Example.a(ADC_INT.o)
 .debug_abbrev  0x00000cbe      0x182 .\CortexM3\ARM_GCC_541\Debug\VDAC Example.a(UART.o)
 .debug_abbrev  0x00000e40       0xb1 .\CortexM3\ARM_GCC_541\Debug\VDAC Example.a(ADC_AMux.o)
 .debug_abbrev  0x00000ef1      0x146 .\CortexM3\ARM_GCC_541\Debug\VDAC Example.a(ADC_Ext_CP_Clk.o)
 .debug_abbrev  0x00001037      0x12e .\CortexM3\ARM_GCC_541\Debug\VDAC Example.a(ADC_theACLK.o)
 .debug_abbrev  0x00001165      0x146 .\CortexM3\ARM_GCC_541\Debug\VDAC Example.a(UART_IntClock.o)
 .debug_abbrev  0x000012ab       0x14 .\CortexM3\ARM_GCC_541\Debug\VDAC Example.a(CyBootAsmGnu.o)
 .debug_abbrev  0x000012bf      0x189 .\CortexM3\ARM_GCC_541\Debug\VDAC Example.a(CyFlash.o)
 .debug_abbrev  0x00001448      0x1a1 .\CortexM3\ARM_GCC_541\Debug\VDAC Example.a(CySpc.o)

.debug_line     0x00000000     0x2474
 *(.debug_line)
 .debug_line    0x00000000      0x23c .\CortexM3\ARM_GCC_541\Debug\main.o
 .debug_line    0x0000023c      0x222 .\CortexM3\ARM_GCC_541\Debug\cyfitter_cfg.o
 .debug_line    0x0000045e      0x141 .\CortexM3\ARM_GCC_541\Debug\cymetadata.o
 .debug_line    0x0000059f      0x234 .\CortexM3\ARM_GCC_541\Debug\Cm3Start.o
 .debug_line    0x000007d3      0x804 .\CortexM3\ARM_GCC_541\Debug\VDAC Example.a(CyLib.o)
 .debug_line    0x00000fd7      0x364 .\CortexM3\ARM_GCC_541\Debug\VDAC Example.a(cyPm.o)
 .debug_line    0x0000133b       0xe1 .\CortexM3\ARM_GCC_541\Debug\VDAC Example.a(VDAC.o)
 .debug_line    0x0000141c      0x34f .\CortexM3\ARM_GCC_541\Debug\VDAC Example.a(ADC.o)
 .debug_line    0x0000176b       0x80 .\CortexM3\ARM_GCC_541\Debug\VDAC Example.a(ADC_INT.o)
 .debug_line    0x000017eb      0x2bc .\CortexM3\ARM_GCC_541\Debug\VDAC Example.a(UART.o)
 .debug_line    0x00001aa7       0xac .\CortexM3\ARM_GCC_541\Debug\VDAC Example.a(ADC_AMux.o)
 .debug_line    0x00001b53      0x17d .\CortexM3\ARM_GCC_541\Debug\VDAC Example.a(ADC_Ext_CP_Clk.o)
 .debug_line    0x00001cd0      0x19d .\CortexM3\ARM_GCC_541\Debug\VDAC Example.a(ADC_theACLK.o)
 .debug_line    0x00001e6d      0x17c .\CortexM3\ARM_GCC_541\Debug\VDAC Example.a(UART_IntClock.o)
 .debug_line    0x00001fe9       0x66 .\CortexM3\ARM_GCC_541\Debug\VDAC Example.a(CyBootAsmGnu.o)
 .debug_line    0x0000204f      0x1e9 .\CortexM3\ARM_GCC_541\Debug\VDAC Example.a(CyFlash.o)
 .debug_line    0x00002238      0x23c .\CortexM3\ARM_GCC_541\Debug\VDAC Example.a(CySpc.o)

.debug_frame    0x00000000     0x1ee4
 *(.debug_frame)
 .debug_frame   0x00000000       0x2c .\CortexM3\ARM_GCC_541\Debug\main.o
 .debug_frame   0x0000002c      0x104 .\CortexM3\ARM_GCC_541\Debug\cyfitter_cfg.o
 .debug_frame   0x00000130       0xac .\CortexM3\ARM_GCC_541\Debug\Cm3Start.o
 .debug_frame   0x000001dc      0x728 .\CortexM3\ARM_GCC_541\Debug\VDAC Example.a(CyLib.o)
 .debug_frame   0x00000904      0x1f8 .\CortexM3\ARM_GCC_541\Debug\VDAC Example.a(cyPm.o)
 .debug_frame   0x00000afc       0xb4 .\CortexM3\ARM_GCC_541\Debug\VDAC Example.a(VDAC.o)
 .debug_frame   0x00000bb0      0x278 .\CortexM3\ARM_GCC_541\Debug\VDAC Example.a(ADC.o)
 .debug_frame   0x00000e28       0x50 .\CortexM3\ARM_GCC_541\Debug\VDAC Example.a(ADC_INT.o)
 .debug_frame   0x00000e78      0x250 .\CortexM3\ARM_GCC_541\Debug\VDAC Example.a(UART.o)
 .debug_frame   0x000010c8       0x64 .\CortexM3\ARM_GCC_541\Debug\VDAC Example.a(ADC_AMux.o)
 .debug_frame   0x0000112c       0xe0 .\CortexM3\ARM_GCC_541\Debug\VDAC Example.a(ADC_Ext_CP_Clk.o)
 .debug_frame   0x0000120c      0x100 .\CortexM3\ARM_GCC_541\Debug\VDAC Example.a(ADC_theACLK.o)
 .debug_frame   0x0000130c       0xe0 .\CortexM3\ARM_GCC_541\Debug\VDAC Example.a(UART_IntClock.o)
 .debug_frame   0x000013ec      0x174 .\CortexM3\ARM_GCC_541\Debug\VDAC Example.a(CyFlash.o)
 .debug_frame   0x00001560      0x160 .\CortexM3\ARM_GCC_541\Debug\VDAC Example.a(CySpc.o)
 .debug_frame   0x000016c0       0x20 c:/program files (x86)/cypress/psoc creator/4.2/psoc creator/import/gnu/arm/5.4.1/bin/../lib/gcc/arm-none-eabi/5.4.1/../../../../arm-none-eabi/lib/armv7-m\libg_nano.a(lib_a-errno.o)
 .debug_frame   0x000016e0       0x28 c:/program files (x86)/cypress/psoc creator/4.2/psoc creator/import/gnu/arm/5.4.1/bin/../lib/gcc/arm-none-eabi/5.4.1/../../../../arm-none-eabi/lib/armv7-m\libg_nano.a(lib_a-exit.o)
 .debug_frame   0x00001708       0x2c c:/program files (x86)/cypress/psoc creator/4.2/psoc creator/import/gnu/arm/5.4.1/bin/../lib/gcc/arm-none-eabi/5.4.1/../../../../arm-none-eabi/lib/armv7-m\libg_nano.a(lib_a-init.o)
 .debug_frame   0x00001734       0x28 c:/program files (x86)/cypress/psoc creator/4.2/psoc creator/import/gnu/arm/5.4.1/bin/../lib/gcc/arm-none-eabi/5.4.1/../../../../arm-none-eabi/lib/armv7-m\libg_nano.a(lib_a-memcpy-stub.o)
 .debug_frame   0x0000175c       0x20 c:/program files (x86)/cypress/psoc creator/4.2/psoc creator/import/gnu/arm/5.4.1/bin/../lib/gcc/arm-none-eabi/5.4.1/../../../../arm-none-eabi/lib/armv7-m\libg_nano.a(lib_a-memset.o)
 .debug_frame   0x0000177c       0x8c c:/program files (x86)/cypress/psoc creator/4.2/psoc creator/import/gnu/arm/5.4.1/bin/../lib/gcc/arm-none-eabi/5.4.1/../../../../arm-none-eabi/lib/armv7-m\libg_nano.a(lib_a-nano-vfprintf_float.o)
 .debug_frame   0x00001808       0x60 c:/program files (x86)/cypress/psoc creator/4.2/psoc creator/import/gnu/arm/5.4.1/bin/../lib/gcc/arm-none-eabi/5.4.1/../../../../arm-none-eabi/lib/armv7-m\libg_nano.a(lib_a-nano-vfprintf_i.o)
 .debug_frame   0x00001868       0x70 c:/program files (x86)/cypress/psoc creator/4.2/psoc creator/import/gnu/arm/5.4.1/bin/../lib/gcc/arm-none-eabi/5.4.1/../../../../arm-none-eabi/lib/armv7-m\libg_nano.a(lib_a-sprintf.o)
 .debug_frame   0x000018d8       0x6c c:/program files (x86)/cypress/psoc creator/4.2/psoc creator/import/gnu/arm/5.4.1/bin/../lib/gcc/arm-none-eabi/5.4.1/../../../../arm-none-eabi/lib/armv7-m\libg_nano.a(lib_a-dtoa.o)
 .debug_frame   0x00001944       0x98 c:/program files (x86)/cypress/psoc creator/4.2/psoc creator/import/gnu/arm/5.4.1/bin/../lib/gcc/arm-none-eabi/5.4.1/../../../../arm-none-eabi/lib/armv7-m\libg_nano.a(lib_a-locale.o)
 .debug_frame   0x000019dc       0x30 c:/program files (x86)/cypress/psoc creator/4.2/psoc creator/import/gnu/arm/5.4.1/bin/../lib/gcc/arm-none-eabi/5.4.1/../../../../arm-none-eabi/lib/armv7-m\libg_nano.a(lib_a-malloc.o)
 .debug_frame   0x00001a0c       0x28 c:/program files (x86)/cypress/psoc creator/4.2/psoc creator/import/gnu/arm/5.4.1/bin/../lib/gcc/arm-none-eabi/5.4.1/../../../../arm-none-eabi/lib/armv7-m\libg_nano.a(lib_a-memchr-stub.o)
 .debug_frame   0x00001a34      0x234 c:/program files (x86)/cypress/psoc creator/4.2/psoc creator/import/gnu/arm/5.4.1/bin/../lib/gcc/arm-none-eabi/5.4.1/../../../../arm-none-eabi/lib/armv7-m\libg_nano.a(lib_a-mprec.o)
 .debug_frame   0x00001c68       0x2c c:/program files (x86)/cypress/psoc creator/4.2/psoc creator/import/gnu/arm/5.4.1/bin/../lib/gcc/arm-none-eabi/5.4.1/../../../../arm-none-eabi/lib/armv7-m\libg_nano.a(lib_a-nano-callocr.o)
 .debug_frame   0x00001c94       0x38 c:/program files (x86)/cypress/psoc creator/4.2/psoc creator/import/gnu/arm/5.4.1/bin/../lib/gcc/arm-none-eabi/5.4.1/../../../../arm-none-eabi/lib/armv7-m\libg_nano.a(lib_a-nano-freer.o)
 .debug_frame   0x00001ccc       0x2c c:/program files (x86)/cypress/psoc creator/4.2/psoc creator/import/gnu/arm/5.4.1/bin/../lib/gcc/arm-none-eabi/5.4.1/../../../../arm-none-eabi/lib/armv7-m\libg_nano.a(lib_a-nano-mallocr.o)
 .debug_frame   0x00001cf8       0x90 c:/program files (x86)/cypress/psoc creator/4.2/psoc creator/import/gnu/arm/5.4.1/bin/../lib/gcc/arm-none-eabi/5.4.1/../../../../arm-none-eabi/lib/armv7-m\libg_nano.a(lib_a-nano-svfprintf.o)
 .debug_frame   0x00001d88       0x2c c:/program files (x86)/cypress/psoc creator/4.2/psoc creator/import/gnu/arm/5.4.1/bin/../lib/gcc/arm-none-eabi/5.4.1/../../../../arm-none-eabi/lib/armv7-m\libg_nano.a(lib_a-sbrkr.o)
 .debug_frame   0x00001db4       0x20 c:/program files (x86)/cypress/psoc creator/4.2/psoc creator/import/gnu/arm/5.4.1/bin/../lib/gcc/arm-none-eabi/5.4.1/../../../../arm-none-eabi/lib/armv7-m\libg_nano.a(lib_a-strcmp.o)
 .debug_frame   0x00001dd4       0x28 c:/program files (x86)/cypress/psoc creator/4.2/psoc creator/import/gnu/arm/5.4.1/bin/../lib/gcc/arm-none-eabi/5.4.1/../../../../arm-none-eabi/lib/armv7-m\libg_nano.a(lib_a-memmove.o)
 .debug_frame   0x00001dfc       0x30 c:/program files (x86)/cypress/psoc creator/4.2/psoc creator/import/gnu/arm/5.4.1/bin/../lib/gcc/arm-none-eabi/5.4.1/../../../../arm-none-eabi/lib/armv7-m\libg_nano.a(lib_a-mlock.o)
 .debug_frame   0x00001e2c       0x3c c:/program files (x86)/cypress/psoc creator/4.2/psoc creator/import/gnu/arm/5.4.1/bin/../lib/gcc/arm-none-eabi/5.4.1/../../../../arm-none-eabi/lib/armv7-m\libg_nano.a(lib_a-nano-reallocr.o)
 .debug_frame   0x00001e68       0x5c c:/program files (x86)/cypress/psoc creator/4.2/psoc creator/import/gnu/arm/5.4.1/bin/../lib/gcc/arm-none-eabi/5.4.1/../../../../arm-none-eabi/lib/armv7-m\libg_nano.a(lib_a-reent.o)
 .debug_frame   0x00001ec4       0x20 c:/program files (x86)/cypress/psoc creator/4.2/psoc creator/import/gnu/arm/5.4.1/bin/../lib/gcc/arm-none-eabi/5.4.1/../../../../arm-none-eabi/lib/armv7-m\libg_nano.a(lib_a-nano-msizer.o)

.debug_str      0x00000000     0x1e68
 *(.debug_str)
 .debug_str     0x00000000      0x208 .\CortexM3\ARM_GCC_541\Debug\main.o
                                0x250 (size before relaxing)
 .debug_str     0x00000208      0x1fb .\CortexM3\ARM_GCC_541\Debug\cyfitter_cfg.o
                                0x38a (size before relaxing)
 .debug_str     0x00000403       0x7f .\CortexM3\ARM_GCC_541\Debug\cymetadata.o
                                0x1de (size before relaxing)
 .debug_str     0x00000482      0x144 .\CortexM3\ARM_GCC_541\Debug\Cm3Start.o
                                0x304 (size before relaxing)
 .debug_str     0x000005c6      0x834 .\CortexM3\ARM_GCC_541\Debug\VDAC Example.a(CyLib.o)
                                0xa29 (size before relaxing)
 .debug_str     0x00000dfa      0x359 .\CortexM3\ARM_GCC_541\Debug\VDAC Example.a(cyPm.o)
                                0x721 (size before relaxing)
 .debug_str     0x00001153       0x80 .\CortexM3\ARM_GCC_541\Debug\VDAC Example.a(VDAC.o)
                                0x20f (size before relaxing)
 .debug_str     0x000011d3      0x348 .\CortexM3\ARM_GCC_541\Debug\VDAC Example.a(ADC.o)
                                0x5c3 (size before relaxing)
 .debug_str     0x0000151b       0x45 .\CortexM3\ARM_GCC_541\Debug\VDAC Example.a(ADC_INT.o)
                                0x1ba (size before relaxing)
 .debug_str     0x00001560      0x26d .\CortexM3\ARM_GCC_541\Debug\VDAC Example.a(UART.o)
                                0x46f (size before relaxing)
 .debug_str     0x000017cd       0x5f .\CortexM3\ARM_GCC_541\Debug\VDAC Example.a(ADC_AMux.o)
                                0x1f9 (size before relaxing)
 .debug_str     0x0000182c      0x16d .\CortexM3\ARM_GCC_541\Debug\VDAC Example.a(ADC_Ext_CP_Clk.o)
                                0x33c (size before relaxing)
 .debug_str     0x00001999      0x14f .\CortexM3\ARM_GCC_541\Debug\VDAC Example.a(ADC_theACLK.o)
                                0x35b (size before relaxing)
 .debug_str     0x00001ae8      0x138 .\CortexM3\ARM_GCC_541\Debug\VDAC Example.a(UART_IntClock.o)
                                0x330 (size before relaxing)
 .debug_str     0x00001c20      0x19c .\CortexM3\ARM_GCC_541\Debug\VDAC Example.a(CyFlash.o)
                                0x39b (size before relaxing)
 .debug_str     0x00001dbc       0xac .\CortexM3\ARM_GCC_541\Debug\VDAC Example.a(CySpc.o)
                                0x324 (size before relaxing)

.debug_loc      0x00000000     0x26f2
 *(.debug_loc)
 .debug_loc     0x00000000       0x50 .\CortexM3\ARM_GCC_541\Debug\main.o
 .debug_loc     0x00000050      0x2cb .\CortexM3\ARM_GCC_541\Debug\cyfitter_cfg.o
 .debug_loc     0x0000031b      0x144 .\CortexM3\ARM_GCC_541\Debug\Cm3Start.o
 .debug_loc     0x0000045f      0xa11 .\CortexM3\ARM_GCC_541\Debug\VDAC Example.a(CyLib.o)
 .debug_loc     0x00000e70      0x1e4 .\CortexM3\ARM_GCC_541\Debug\VDAC Example.a(cyPm.o)
 .debug_loc     0x00001054       0x79 .\CortexM3\ARM_GCC_541\Debug\VDAC Example.a(VDAC.o)
 .debug_loc     0x000010cd      0x681 .\CortexM3\ARM_GCC_541\Debug\VDAC Example.a(ADC.o)
 .debug_loc     0x0000174e      0x258 .\CortexM3\ARM_GCC_541\Debug\VDAC Example.a(UART.o)
 .debug_loc     0x000019a6       0x6c .\CortexM3\ARM_GCC_541\Debug\VDAC Example.a(ADC_AMux.o)
 .debug_loc     0x00001a12      0x12c .\CortexM3\ARM_GCC_541\Debug\VDAC Example.a(ADC_Ext_CP_Clk.o)
 .debug_loc     0x00001b3e      0x14d .\CortexM3\ARM_GCC_541\Debug\VDAC Example.a(ADC_theACLK.o)
 .debug_loc     0x00001c8b      0x128 .\CortexM3\ARM_GCC_541\Debug\VDAC Example.a(UART_IntClock.o)
 .debug_loc     0x00001db3      0x2f2 .\CortexM3\ARM_GCC_541\Debug\VDAC Example.a(CyFlash.o)
 .debug_loc     0x000020a5      0x64d .\CortexM3\ARM_GCC_541\Debug\VDAC Example.a(CySpc.o)

.debug_macinfo
 *(.debug_macinfo)

.debug_ranges   0x00000000      0x800
 *(.debug_ranges)
 .debug_ranges  0x00000000       0x10 .\CortexM3\ARM_GCC_541\Debug\main.o
 .debug_ranges  0x00000010       0x58 .\CortexM3\ARM_GCC_541\Debug\cyfitter_cfg.o
 .debug_ranges  0x00000068       0x38 .\CortexM3\ARM_GCC_541\Debug\Cm3Start.o
 .debug_ranges  0x000000a0      0x288 .\CortexM3\ARM_GCC_541\Debug\VDAC Example.a(CyLib.o)
 .debug_ranges  0x00000328       0x88 .\CortexM3\ARM_GCC_541\Debug\VDAC Example.a(cyPm.o)
 .debug_ranges  0x000003b0       0x48 .\CortexM3\ARM_GCC_541\Debug\VDAC Example.a(VDAC.o)
 .debug_ranges  0x000003f8       0xd8 .\CortexM3\ARM_GCC_541\Debug\VDAC Example.a(ADC.o)
 .debug_ranges  0x000004d0       0x28 .\CortexM3\ARM_GCC_541\Debug\VDAC Example.a(ADC_INT.o)
 .debug_ranges  0x000004f8       0xe0 .\CortexM3\ARM_GCC_541\Debug\VDAC Example.a(UART.o)
 .debug_ranges  0x000005d8       0x20 .\CortexM3\ARM_GCC_541\Debug\VDAC Example.a(ADC_AMux.o)
 .debug_ranges  0x000005f8       0x60 .\CortexM3\ARM_GCC_541\Debug\VDAC Example.a(ADC_Ext_CP_Clk.o)
 .debug_ranges  0x00000658       0x70 .\CortexM3\ARM_GCC_541\Debug\VDAC Example.a(ADC_theACLK.o)
 .debug_ranges  0x000006c8       0x60 .\CortexM3\ARM_GCC_541\Debug\VDAC Example.a(UART_IntClock.o)
 .debug_ranges  0x00000728       0x70 .\CortexM3\ARM_GCC_541\Debug\VDAC Example.a(CyFlash.o)
 .debug_ranges  0x00000798       0x68 .\CortexM3\ARM_GCC_541\Debug\VDAC Example.a(CySpc.o)

.comment        0x00000000       0x6e
 .comment       0x00000000       0x6e .\CortexM3\ARM_GCC_541\Debug\main.o
                                 0x6f (size before relaxing)
 .comment       0x0000006e       0x6f .\CortexM3\ARM_GCC_541\Debug\cyfitter_cfg.o
 .comment       0x0000006e       0x6f .\CortexM3\ARM_GCC_541\Debug\cymetadata.o
 .comment       0x0000006e       0x6f .\CortexM3\ARM_GCC_541\Debug\Cm3Start.o
 .comment       0x0000006e       0x6f .\CortexM3\ARM_GCC_541\Debug\VDAC Example.a(CyLib.o)
 .comment       0x0000006e       0x6f .\CortexM3\ARM_GCC_541\Debug\VDAC Example.a(cyPm.o)
 .comment       0x0000006e       0x6f .\CortexM3\ARM_GCC_541\Debug\VDAC Example.a(VDAC.o)
 .comment       0x0000006e       0x6f .\CortexM3\ARM_GCC_541\Debug\VDAC Example.a(ADC.o)
 .comment       0x0000006e       0x6f .\CortexM3\ARM_GCC_541\Debug\VDAC Example.a(ADC_INT.o)
 .comment       0x0000006e       0x6f .\CortexM3\ARM_GCC_541\Debug\VDAC Example.a(UART.o)
 .comment       0x0000006e       0x6f .\CortexM3\ARM_GCC_541\Debug\VDAC Example.a(ADC_AMux.o)
 .comment       0x0000006e       0x6f .\CortexM3\ARM_GCC_541\Debug\VDAC Example.a(ADC_Ext_CP_Clk.o)
 .comment       0x0000006e       0x6f .\CortexM3\ARM_GCC_541\Debug\VDAC Example.a(ADC_theACLK.o)
 .comment       0x0000006e       0x6f .\CortexM3\ARM_GCC_541\Debug\VDAC Example.a(UART_IntClock.o)
 .comment       0x0000006e       0x6f .\CortexM3\ARM_GCC_541\Debug\VDAC Example.a(CyFlash.o)
 .comment       0x0000006e       0x6f .\CortexM3\ARM_GCC_541\Debug\VDAC Example.a(CySpc.o)

.debug_weaknames
 *(.debug_weaknames)

.debug_funcnames
 *(.debug_funcnames)

.debug_typenames
 *(.debug_typenames)

.debug_varnames
 *(.debug_varnames)

.note.gnu.arm.ident
 *(.note.gnu.arm.ident)

.ARM.attributes
                0x00000000       0x29
 *(.ARM.attributes)
 .ARM.attributes
                0x00000000       0x1d c:/program files (x86)/cypress/psoc creator/4.2/psoc creator/import/gnu/arm/5.4.1/bin/../lib/gcc/arm-none-eabi/5.4.1/armv7-m/crti.o
 .ARM.attributes
                0x0000001d       0x2d c:/program files (x86)/cypress/psoc creator/4.2/psoc creator/import/gnu/arm/5.4.1/bin/../lib/gcc/arm-none-eabi/5.4.1/armv7-m/crtbegin.o
 .ARM.attributes
                0x0000004a       0x1b c:/program files (x86)/cypress/psoc creator/4.2/psoc creator/import/gnu/arm/5.4.1/bin/../lib/gcc/arm-none-eabi/5.4.1/../../../../arm-none-eabi/lib/armv7-m/crt0.o
 .ARM.attributes
                0x00000065       0x33 .\CortexM3\ARM_GCC_541\Debug\main.o
 .ARM.attributes
                0x00000098       0x33 .\CortexM3\ARM_GCC_541\Debug\cyfitter_cfg.o
 .ARM.attributes
                0x000000cb       0x33 .\CortexM3\ARM_GCC_541\Debug\cymetadata.o
 .ARM.attributes
                0x000000fe       0x33 .\CortexM3\ARM_GCC_541\Debug\Cm3Start.o
 .ARM.attributes
                0x00000131       0x33 .\CortexM3\ARM_GCC_541\Debug\VDAC Example.a(CyLib.o)
 .ARM.attributes
                0x00000164       0x33 .\CortexM3\ARM_GCC_541\Debug\VDAC Example.a(cyPm.o)
 .ARM.attributes
                0x00000197       0x33 .\CortexM3\ARM_GCC_541\Debug\VDAC Example.a(VDAC.o)
 .ARM.attributes
                0x000001ca       0x33 .\CortexM3\ARM_GCC_541\Debug\VDAC Example.a(ADC.o)
 .ARM.attributes
                0x000001fd       0x33 .\CortexM3\ARM_GCC_541\Debug\VDAC Example.a(ADC_INT.o)
 .ARM.attributes
                0x00000230       0x33 .\CortexM3\ARM_GCC_541\Debug\VDAC Example.a(UART.o)
 .ARM.attributes
                0x00000263       0x33 .\CortexM3\ARM_GCC_541\Debug\VDAC Example.a(ADC_AMux.o)
 .ARM.attributes
                0x00000296       0x33 .\CortexM3\ARM_GCC_541\Debug\VDAC Example.a(ADC_Ext_CP_Clk.o)
 .ARM.attributes
                0x000002c9       0x33 .\CortexM3\ARM_GCC_541\Debug\VDAC Example.a(ADC_theACLK.o)
 .ARM.attributes
                0x000002fc       0x33 .\CortexM3\ARM_GCC_541\Debug\VDAC Example.a(UART_IntClock.o)
 .ARM.attributes
                0x0000032f       0x21 .\CortexM3\ARM_GCC_541\Debug\VDAC Example.a(CyBootAsmGnu.o)
 .ARM.attributes
                0x00000350       0x33 .\CortexM3\ARM_GCC_541\Debug\VDAC Example.a(CyFlash.o)
 .ARM.attributes
                0x00000383       0x33 .\CortexM3\ARM_GCC_541\Debug\VDAC Example.a(CySpc.o)
 .ARM.attributes
                0x000003b6       0x1d c:/program files (x86)/cypress/psoc creator/4.2/psoc creator/import/gnu/arm/5.4.1/bin/../lib/gcc/arm-none-eabi/5.4.1/armv7-m\libgcc.a(_arm_addsubdf3.o)
 .ARM.attributes
                0x000003d3       0x1d c:/program files (x86)/cypress/psoc creator/4.2/psoc creator/import/gnu/arm/5.4.1/bin/../lib/gcc/arm-none-eabi/5.4.1/armv7-m\libgcc.a(_arm_cmpdf2.o)
 .ARM.attributes
                0x000003f0       0x1d c:/program files (x86)/cypress/psoc creator/4.2/psoc creator/import/gnu/arm/5.4.1/bin/../lib/gcc/arm-none-eabi/5.4.1/armv7-m\libgcc.a(_arm_addsubsf3.o)
 .ARM.attributes
                0x0000040d       0x1d c:/program files (x86)/cypress/psoc creator/4.2/psoc creator/import/gnu/arm/5.4.1/bin/../lib/gcc/arm-none-eabi/5.4.1/armv7-m\libgcc.a(_arm_muldivsf3.o)
 .ARM.attributes
                0x0000042a       0x1d c:/program files (x86)/cypress/psoc creator/4.2/psoc creator/import/gnu/arm/5.4.1/bin/../lib/gcc/arm-none-eabi/5.4.1/armv7-m\libgcc.a(_arm_fixunssfsi.o)
 .ARM.attributes
                0x00000447       0x2d c:/program files (x86)/cypress/psoc creator/4.2/psoc creator/import/gnu/arm/5.4.1/bin/../lib/gcc/arm-none-eabi/5.4.1/../../../../arm-none-eabi/lib/armv7-m\libg_nano.a(lib_a-errno.o)
 .ARM.attributes
                0x00000474       0x2d c:/program files (x86)/cypress/psoc creator/4.2/psoc creator/import/gnu/arm/5.4.1/bin/../lib/gcc/arm-none-eabi/5.4.1/../../../../arm-none-eabi/lib/armv7-m\libg_nano.a(lib_a-exit.o)
 .ARM.attributes
                0x000004a1       0x2d c:/program files (x86)/cypress/psoc creator/4.2/psoc creator/import/gnu/arm/5.4.1/bin/../lib/gcc/arm-none-eabi/5.4.1/../../../../arm-none-eabi/lib/armv7-m\libg_nano.a(lib_a-impure.o)
 .ARM.attributes
                0x000004ce       0x2d c:/program files (x86)/cypress/psoc creator/4.2/psoc creator/import/gnu/arm/5.4.1/bin/../lib/gcc/arm-none-eabi/5.4.1/../../../../arm-none-eabi/lib/armv7-m\libg_nano.a(lib_a-init.o)
 .ARM.attributes
                0x000004fb       0x2d c:/program files (x86)/cypress/psoc creator/4.2/psoc creator/import/gnu/arm/5.4.1/bin/../lib/gcc/arm-none-eabi/5.4.1/../../../../arm-none-eabi/lib/armv7-m\libg_nano.a(lib_a-memcpy-stub.o)
 .ARM.attributes
                0x00000528       0x2d c:/program files (x86)/cypress/psoc creator/4.2/psoc creator/import/gnu/arm/5.4.1/bin/../lib/gcc/arm-none-eabi/5.4.1/../../../../arm-none-eabi/lib/armv7-m\libg_nano.a(lib_a-memset.o)
 .ARM.attributes
                0x00000555       0x2d c:/program files (x86)/cypress/psoc creator/4.2/psoc creator/import/gnu/arm/5.4.1/bin/../lib/gcc/arm-none-eabi/5.4.1/../../../../arm-none-eabi/lib/armv7-m\libg_nano.a(lib_a-nano-vfprintf_float.o)
 .ARM.attributes
                0x00000582       0x2d c:/program files (x86)/cypress/psoc creator/4.2/psoc creator/import/gnu/arm/5.4.1/bin/../lib/gcc/arm-none-eabi/5.4.1/../../../../arm-none-eabi/lib/armv7-m\libg_nano.a(lib_a-nano-vfprintf_i.o)
 .ARM.attributes
                0x000005af       0x2d c:/program files (x86)/cypress/psoc creator/4.2/psoc creator/import/gnu/arm/5.4.1/bin/../lib/gcc/arm-none-eabi/5.4.1/../../../../arm-none-eabi/lib/armv7-m\libg_nano.a(lib_a-sprintf.o)
 .ARM.attributes
                0x000005dc       0x17 c:/program files (x86)/cypress/psoc creator/4.2/psoc creator/import/gnu/arm/5.4.1/bin/../lib/gcc/arm-none-eabi/5.4.1/../../../../arm-none-eabi/lib/armv7-m\libg_nano.a(lib_a-strlen.o)
 .ARM.attributes
                0x000005f3       0x2d c:/program files (x86)/cypress/psoc creator/4.2/psoc creator/import/gnu/arm/5.4.1/bin/../lib/gcc/arm-none-eabi/5.4.1/../../../../arm-none-eabi/lib/armv7-m\libg_nano.a(lib_a-dtoa.o)
 .ARM.attributes
                0x00000620       0x2d c:/program files (x86)/cypress/psoc creator/4.2/psoc creator/import/gnu/arm/5.4.1/bin/../lib/gcc/arm-none-eabi/5.4.1/../../../../arm-none-eabi/lib/armv7-m\libg_nano.a(lib_a-locale.o)
 .ARM.attributes
                0x0000064d       0x2d c:/program files (x86)/cypress/psoc creator/4.2/psoc creator/import/gnu/arm/5.4.1/bin/../lib/gcc/arm-none-eabi/5.4.1/../../../../arm-none-eabi/lib/armv7-m\libg_nano.a(lib_a-malloc.o)
 .ARM.attributes
                0x0000067a       0x2d c:/program files (x86)/cypress/psoc creator/4.2/psoc creator/import/gnu/arm/5.4.1/bin/../lib/gcc/arm-none-eabi/5.4.1/../../../../arm-none-eabi/lib/armv7-m\libg_nano.a(lib_a-memchr-stub.o)
 .ARM.attributes
                0x000006a7       0x2d c:/program files (x86)/cypress/psoc creator/4.2/psoc creator/import/gnu/arm/5.4.1/bin/../lib/gcc/arm-none-eabi/5.4.1/../../../../arm-none-eabi/lib/armv7-m\libg_nano.a(lib_a-mprec.o)
 .ARM.attributes
                0x000006d4       0x2d c:/program files (x86)/cypress/psoc creator/4.2/psoc creator/import/gnu/arm/5.4.1/bin/../lib/gcc/arm-none-eabi/5.4.1/../../../../arm-none-eabi/lib/armv7-m\libg_nano.a(lib_a-nano-callocr.o)
 .ARM.attributes
                0x00000701       0x2d c:/program files (x86)/cypress/psoc creator/4.2/psoc creator/import/gnu/arm/5.4.1/bin/../lib/gcc/arm-none-eabi/5.4.1/../../../../arm-none-eabi/lib/armv7-m\libg_nano.a(lib_a-nano-freer.o)
 .ARM.attributes
                0x0000072e       0x2d c:/program files (x86)/cypress/psoc creator/4.2/psoc creator/import/gnu/arm/5.4.1/bin/../lib/gcc/arm-none-eabi/5.4.1/../../../../arm-none-eabi/lib/armv7-m\libg_nano.a(lib_a-nano-mallocr.o)
 .ARM.attributes
                0x0000075b       0x2d c:/program files (x86)/cypress/psoc creator/4.2/psoc creator/import/gnu/arm/5.4.1/bin/../lib/gcc/arm-none-eabi/5.4.1/../../../../arm-none-eabi/lib/armv7-m\libg_nano.a(lib_a-nano-svfprintf.o)
 .ARM.attributes
                0x00000788       0x2d c:/program files (x86)/cypress/psoc creator/4.2/psoc creator/import/gnu/arm/5.4.1/bin/../lib/gcc/arm-none-eabi/5.4.1/../../../../arm-none-eabi/lib/armv7-m\libg_nano.a(lib_a-sbrkr.o)
 .ARM.attributes
                0x000007b5       0x1b c:/program files (x86)/cypress/psoc creator/4.2/psoc creator/import/gnu/arm/5.4.1/bin/../lib/gcc/arm-none-eabi/5.4.1/../../../../arm-none-eabi/lib/armv7-m\libg_nano.a(lib_a-strcmp.o)
 .ARM.attributes
                0x000007d0       0x2d c:/program files (x86)/cypress/psoc creator/4.2/psoc creator/import/gnu/arm/5.4.1/bin/../lib/gcc/arm-none-eabi/5.4.1/../../../../arm-none-eabi/lib/armv7-m\libg_nano.a(lib_a-memmove.o)
 .ARM.attributes
                0x000007fd       0x2d c:/program files (x86)/cypress/psoc creator/4.2/psoc creator/import/gnu/arm/5.4.1/bin/../lib/gcc/arm-none-eabi/5.4.1/../../../../arm-none-eabi/lib/armv7-m\libg_nano.a(lib_a-mlock.o)
 .ARM.attributes
                0x0000082a       0x2d c:/program files (x86)/cypress/psoc creator/4.2/psoc creator/import/gnu/arm/5.4.1/bin/../lib/gcc/arm-none-eabi/5.4.1/../../../../arm-none-eabi/lib/armv7-m\libg_nano.a(lib_a-nano-reallocr.o)
 .ARM.attributes
                0x00000857       0x2d c:/program files (x86)/cypress/psoc creator/4.2/psoc creator/import/gnu/arm/5.4.1/bin/../lib/gcc/arm-none-eabi/5.4.1/../../../../arm-none-eabi/lib/armv7-m\libg_nano.a(lib_a-reent.o)
 .ARM.attributes
                0x00000884       0x2d c:/program files (x86)/cypress/psoc creator/4.2/psoc creator/import/gnu/arm/5.4.1/bin/../lib/gcc/arm-none-eabi/5.4.1/../../../../arm-none-eabi/lib/armv7-m\libg_nano.a(lib_a-nano-msizer.o)
 .ARM.attributes
                0x000008b1       0x1d c:/program files (x86)/cypress/psoc creator/4.2/psoc creator/import/gnu/arm/5.4.1/bin/../lib/gcc/arm-none-eabi/5.4.1/armv7-m\libgcc.a(_arm_muldivdf3.o)
 .ARM.attributes
                0x000008ce       0x1d c:/program files (x86)/cypress/psoc creator/4.2/psoc creator/import/gnu/arm/5.4.1/bin/../lib/gcc/arm-none-eabi/5.4.1/armv7-m\libgcc.a(_arm_unorddf2.o)
 .ARM.attributes
                0x000008eb       0x1d c:/program files (x86)/cypress/psoc creator/4.2/psoc creator/import/gnu/arm/5.4.1/bin/../lib/gcc/arm-none-eabi/5.4.1/armv7-m\libgcc.a(_arm_fixdfsi.o)
 .ARM.attributes
                0x00000908       0x2d c:/program files (x86)/cypress/psoc creator/4.2/psoc creator/import/gnu/arm/5.4.1/bin/../lib/gcc/arm-none-eabi/5.4.1/armv7-m/crtend.o
 .ARM.attributes
                0x00000935       0x1d c:/program files (x86)/cypress/psoc creator/4.2/psoc creator/import/gnu/arm/5.4.1/bin/../lib/gcc/arm-none-eabi/5.4.1/armv7-m/crtn.o

/DISCARD/
 *(.note.GNU-stack)
OUTPUT(C:\Users\My PC\Desktop\PSoC\VDAC Example\VDAC Example.cydsn\CortexM3\ARM_GCC_541\Debug\VDAC Example.elf elf32-littlearm)
